Archive member included to satisfy reference by file (symbol)

c:/progra~2/gnuarm~1/102020~1/bin/../lib/gcc/arm-none-eabi/10.2.1/../../../../arm-none-eabi/lib/thumb/v7-m/nofp\libg.a(lib_a-errno.o)
                              CMakeFiles/reader.elf.dir/Core/Src/syscalls.c.obj (__errno)
c:/progra~2/gnuarm~1/102020~1/bin/../lib/gcc/arm-none-eabi/10.2.1/../../../../arm-none-eabi/lib/thumb/v7-m/nofp\libg.a(lib_a-exit.o)
                              c:/progra~2/gnuarm~1/102020~1/bin/../lib/gcc/arm-none-eabi/10.2.1/../../../../arm-none-eabi/lib/thumb/v7-m/nofp/crt0.o (exit)
c:/progra~2/gnuarm~1/102020~1/bin/../lib/gcc/arm-none-eabi/10.2.1/../../../../arm-none-eabi/lib/thumb/v7-m/nofp\libg.a(lib_a-impure.o)
                              c:/progra~2/gnuarm~1/102020~1/bin/../lib/gcc/arm-none-eabi/10.2.1/../../../../arm-none-eabi/lib/thumb/v7-m/nofp\libg.a(lib_a-exit.o) (_global_impure_ptr)
c:/progra~2/gnuarm~1/102020~1/bin/../lib/gcc/arm-none-eabi/10.2.1/../../../../arm-none-eabi/lib/thumb/v7-m/nofp\libg.a(lib_a-init.o)
                              c:/progra~2/gnuarm~1/102020~1/bin/../lib/gcc/arm-none-eabi/10.2.1/../../../../arm-none-eabi/lib/thumb/v7-m/nofp/crt0.o (__libc_init_array)
c:/progra~2/gnuarm~1/102020~1/bin/../lib/gcc/arm-none-eabi/10.2.1/../../../../arm-none-eabi/lib/thumb/v7-m/nofp\libg.a(lib_a-memset.o)
                              c:/progra~2/gnuarm~1/102020~1/bin/../lib/gcc/arm-none-eabi/10.2.1/../../../../arm-none-eabi/lib/thumb/v7-m/nofp/crt0.o (memset)
c:/progra~2/gnuarm~1/102020~1/bin/../lib/gcc/arm-none-eabi/10.2.1/../../../../arm-none-eabi/lib/thumb/v7-m/nofp\libg.a(lib_a-__call_atexit.o)
                              c:/progra~2/gnuarm~1/102020~1/bin/../lib/gcc/arm-none-eabi/10.2.1/../../../../arm-none-eabi/lib/thumb/v7-m/nofp\libg.a(lib_a-exit.o) (__call_exitprocs)
c:/progra~2/gnuarm~1/102020~1/bin/../lib/gcc/arm-none-eabi/10.2.1/../../../../arm-none-eabi/lib/thumb/v7-m/nofp\libg.a(lib_a-atexit.o)
                              c:/progra~2/gnuarm~1/102020~1/bin/../lib/gcc/arm-none-eabi/10.2.1/../../../../arm-none-eabi/lib/thumb/v7-m/nofp\libg.a(lib_a-__call_atexit.o) (atexit)
c:/progra~2/gnuarm~1/102020~1/bin/../lib/gcc/arm-none-eabi/10.2.1/../../../../arm-none-eabi/lib/thumb/v7-m/nofp\libg.a(lib_a-fini.o)
                              c:/progra~2/gnuarm~1/102020~1/bin/../lib/gcc/arm-none-eabi/10.2.1/../../../../arm-none-eabi/lib/thumb/v7-m/nofp\libg.a(lib_a-__call_atexit.o) (__libc_fini_array)
c:/progra~2/gnuarm~1/102020~1/bin/../lib/gcc/arm-none-eabi/10.2.1/../../../../arm-none-eabi/lib/thumb/v7-m/nofp\libg.a(lib_a-lock.o)
                              c:/progra~2/gnuarm~1/102020~1/bin/../lib/gcc/arm-none-eabi/10.2.1/../../../../arm-none-eabi/lib/thumb/v7-m/nofp\libg.a(lib_a-__call_atexit.o) (__retarget_lock_acquire_recursive)
c:/progra~2/gnuarm~1/102020~1/bin/../lib/gcc/arm-none-eabi/10.2.1/../../../../arm-none-eabi/lib/thumb/v7-m/nofp\libg.a(lib_a-__atexit.o)
                              c:/progra~2/gnuarm~1/102020~1/bin/../lib/gcc/arm-none-eabi/10.2.1/../../../../arm-none-eabi/lib/thumb/v7-m/nofp\libg.a(lib_a-atexit.o) (__register_exitproc)

Discarded input sections

 .text          0x00000000        0x0 c:/progra~2/gnuarm~1/102020~1/bin/../lib/gcc/arm-none-eabi/10.2.1/thumb/v7-m/nofp/crti.o
 .data          0x00000000        0x0 c:/progra~2/gnuarm~1/102020~1/bin/../lib/gcc/arm-none-eabi/10.2.1/thumb/v7-m/nofp/crti.o
 .bss           0x00000000        0x0 c:/progra~2/gnuarm~1/102020~1/bin/../lib/gcc/arm-none-eabi/10.2.1/thumb/v7-m/nofp/crti.o
 .data          0x00000000        0x4 c:/progra~2/gnuarm~1/102020~1/bin/../lib/gcc/arm-none-eabi/10.2.1/thumb/v7-m/nofp/crtbegin.o
 .rodata        0x00000000       0x24 c:/progra~2/gnuarm~1/102020~1/bin/../lib/gcc/arm-none-eabi/10.2.1/thumb/v7-m/nofp/crtbegin.o
 .text          0x00000000       0x7c c:/progra~2/gnuarm~1/102020~1/bin/../lib/gcc/arm-none-eabi/10.2.1/../../../../arm-none-eabi/lib/thumb/v7-m/nofp/crt0.o
 .data          0x00000000        0x0 c:/progra~2/gnuarm~1/102020~1/bin/../lib/gcc/arm-none-eabi/10.2.1/../../../../arm-none-eabi/lib/thumb/v7-m/nofp/crt0.o
 .bss           0x00000000        0x0 c:/progra~2/gnuarm~1/102020~1/bin/../lib/gcc/arm-none-eabi/10.2.1/../../../../arm-none-eabi/lib/thumb/v7-m/nofp/crt0.o
 .ARM.extab     0x00000000        0x0 c:/progra~2/gnuarm~1/102020~1/bin/../lib/gcc/arm-none-eabi/10.2.1/../../../../arm-none-eabi/lib/thumb/v7-m/nofp/crt0.o
 .ARM.exidx     0x00000000       0x10 c:/progra~2/gnuarm~1/102020~1/bin/../lib/gcc/arm-none-eabi/10.2.1/../../../../arm-none-eabi/lib/thumb/v7-m/nofp/crt0.o
 .ARM.attributes
                0x00000000       0x1b c:/progra~2/gnuarm~1/102020~1/bin/../lib/gcc/arm-none-eabi/10.2.1/../../../../arm-none-eabi/lib/thumb/v7-m/nofp/crt0.o
 .text          0x00000000        0x0 CMakeFiles/reader.elf.dir/Core/Src/gpio.c.obj
 .data          0x00000000        0x0 CMakeFiles/reader.elf.dir/Core/Src/gpio.c.obj
[...]
Memory Configuration

Name             Origin             Length             Attributes
RAM              0x20000000         0x00005000         xrw
FLASH            0x08000000         0x00010000         xr
*default*        0x00000000         0xffffffff

Linker script and memory map

LOAD c:/progra~2/gnuarm~1/102020~1/bin/../lib/gcc/arm-none-eabi/10.2.1/thumb/v7-m/nofp/crti.o
LOAD c:/progra~2/gnuarm~1/102020~1/bin/../lib/gcc/arm-none-eabi/10.2.1/thumb/v7-m/nofp/crtbegin.o
LOAD c:/progra~2/gnuarm~1/102020~1/bin/../lib/gcc/arm-none-eabi/10.2.1/../../../../arm-none-eabi/lib/thumb/v7-m/nofp/crt0.o
LOAD CMakeFiles/reader.elf.dir/Core/Src/gpio.c.obj
LOAD CMakeFiles/reader.elf.dir/Core/Src/main.c.obj
LOAD CMakeFiles/reader.elf.dir/Core/Src/stm32f1xx_hal_msp.c.obj
LOAD CMakeFiles/reader.elf.dir/Core/Src/stm32f1xx_it.c.obj
LOAD CMakeFiles/reader.elf.dir/Core/Src/syscalls.c.obj
LOAD CMakeFiles/reader.elf.dir/Core/Src/system_stm32f1xx.c.obj
LOAD CMakeFiles/reader.elf.dir/Core/Src/tim.c.obj
LOAD CMakeFiles/reader.elf.dir/Core/Src/usart.c.obj
LOAD CMakeFiles/reader.elf.dir/Drivers/STM32F1xx_HAL_Driver/Src/stm32f1xx_hal.c.obj
LOAD CMakeFiles/reader.elf.dir/Drivers/STM32F1xx_HAL_Driver/Src/stm32f1xx_hal_cortex.c.obj
LOAD CMakeFiles/reader.elf.dir/Drivers/STM32F1xx_HAL_Driver/Src/stm32f1xx_hal_dma.c.obj
LOAD CMakeFiles/reader.elf.dir/Drivers/STM32F1xx_HAL_Driver/Src/stm32f1xx_hal_exti.c.obj
LOAD CMakeFiles/reader.elf.dir/Drivers/STM32F1xx_HAL_Driver/Src/stm32f1xx_hal_flash.c.obj
LOAD CMakeFiles/reader.elf.dir/Drivers/STM32F1xx_HAL_Driver/Src/stm32f1xx_hal_flash_ex.c.obj
LOAD CMakeFiles/reader.elf.dir/Drivers/STM32F1xx_HAL_Driver/Src/stm32f1xx_hal_gpio.c.obj
LOAD CMakeFiles/reader.elf.dir/Drivers/STM32F1xx_HAL_Driver/Src/stm32f1xx_hal_gpio_ex.c.obj
LOAD CMakeFiles/reader.elf.dir/Drivers/STM32F1xx_HAL_Driver/Src/stm32f1xx_hal_pwr.c.obj
LOAD CMakeFiles/reader.elf.dir/Drivers/STM32F1xx_HAL_Driver/Src/stm32f1xx_hal_rcc.c.obj
LOAD CMakeFiles/reader.elf.dir/Drivers/STM32F1xx_HAL_Driver/Src/stm32f1xx_hal_rcc_ex.c.obj
LOAD CMakeFiles/reader.elf.dir/Drivers/STM32F1xx_HAL_Driver/Src/stm32f1xx_hal_tim.c.obj
LOAD CMakeFiles/reader.elf.dir/Drivers/STM32F1xx_HAL_Driver/Src/stm32f1xx_hal_tim_ex.c.obj
LOAD CMakeFiles/reader.elf.dir/Drivers/STM32F1xx_HAL_Driver/Src/stm32f1xx_hal_uart.c.obj
LOAD CMakeFiles/reader.elf.dir/card/card.c.obj
LOAD CMakeFiles/reader.elf.dir/flash/flash.c.obj
LOAD CMakeFiles/reader.elf.dir/mode/mode.c.obj
LOAD CMakeFiles/reader.elf.dir/startup/startup_stm32f103xb.s.obj
LOAD CMakeFiles/reader.elf.dir/uart/usrt.c.obj
LOAD CMakeFiles/reader.elf.dir/upper/upper.c.obj
START GROUP
LOAD c:/progra~2/gnuarm~1/102020~1/bin/../lib/gcc/arm-none-eabi/10.2.1/thumb/v7-m/nofp\libgcc.a
LOAD c:/progra~2/gnuarm~1/102020~1/bin/../lib/gcc/arm-none-eabi/10.2.1/../../../../arm-none-eabi/lib/thumb/v7-m/nofp\libg.a
LOAD c:/progra~2/gnuarm~1/102020~1/bin/../lib/gcc/arm-none-eabi/10.2.1/../../../../arm-none-eabi/lib/thumb/v7-m/nofp\libc.a
END GROUP
LOAD c:/progra~2/gnuarm~1/102020~1/bin/../lib/gcc/arm-none-eabi/10.2.1/thumb/v7-m/nofp/crtend.o
LOAD c:/progra~2/gnuarm~1/102020~1/bin/../lib/gcc/arm-none-eabi/10.2.1/thumb/v7-m/nofp/crtn.o
                0x20005000                _estack = 0x20005000
                0x00000200                _Min_Heap_Size = 0x200
                0x00000400                _Min_Stack_Size = 0x400

.isr_vector     0x08000000      0x10c
                0x08000000                . = ALIGN (0x4)
 *(.isr_vector)
 .isr_vector    0x08000000      0x10c CMakeFiles/reader.elf.dir/startup/startup_stm32f103xb.s.obj
                0x08000000                g_pfnVectors
                0x0800010c                . = ALIGN (0x4)

.text           0x0800010c     0x2c8c
                0x0800010c                . = ALIGN (0x4)
 *(.text)
 .text          0x0800010c       0x40 c:/progra~2/gnuarm~1/102020~1/bin/../lib/gcc/arm-none-eabi/10.2.1/thumb/v7-m/nofp/crtbegin.o
 *(.text*)
 .text.MX_GPIO_Init
                0x0800014c       0x78 CMakeFiles/reader.elf.dir/Core/Src/gpio.c.obj
                0x0800014c                MX_GPIO_Init
 .text.SystemClock_Config
                0x080001c4       0x54 CMakeFiles/reader.elf.dir/Core/Src/main.c.obj
                0x080001c4                SystemClock_Config
 .text.main     0x08000218      0x138 CMakeFiles/reader.elf.dir/Core/Src/main.c.obj
                0x08000218                main
 .text.HAL_TIM_PeriodElapsedCallback
                0x08000350       0x70 CMakeFiles/reader.elf.dir/Core/Src/main.c.obj
                0x08000350                HAL_TIM_PeriodElapsedCallback
 .text.Error_Handler
                0x080003c0        0x2 CMakeFiles/reader.elf.dir/Core/Src/main.c.obj
                0x080003c0                Error_Handler
 *fill*         0x080003c2        0x2 
 .text.HAL_MspInit
                0x080003c4       0x44 CMakeFiles/reader.elf.dir/Core/Src/stm32f1xx_hal_msp.c.obj
                0x080003c4                HAL_MspInit
 .text.NMI_Handler
                0x08000408        0x2 CMakeFiles/reader.elf.dir/Core/Src/stm32f1xx_it.c.obj
                0x08000408                NMI_Handler
 .text.HardFault_Handler
                0x0800040a        0x2 CMakeFiles/reader.elf.dir/Core/Src/stm32f1xx_it.c.obj
                0x0800040a                HardFault_Handler
 .text.MemManage_Handler
                0x0800040c        0x2 CMakeFiles/reader.elf.dir/Core/Src/stm32f1xx_it.c.obj
                0x0800040c                MemManage_Handler
 .text.BusFault_Handler
                0x0800040e        0x2 CMakeFiles/reader.elf.dir/Core/Src/stm32f1xx_it.c.obj
                0x0800040e                BusFault_Handler
 .text.UsageFault_Handler
                0x08000410        0x2 CMakeFiles/reader.elf.dir/Core/Src/stm32f1xx_it.c.obj
                0x08000410                UsageFault_Handler
 .text.SVC_Handler
                0x08000412        0x2 CMakeFiles/reader.elf.dir/Core/Src/stm32f1xx_it.c.obj
                0x08000412                SVC_Handler
 .text.DebugMon_Handler
                0x08000414        0x2 CMakeFiles/reader.elf.dir/Core/Src/stm32f1xx_it.c.obj
                0x08000414                DebugMon_Handler
 .text.PendSV_Handler
                0x08000416        0x2 CMakeFiles/reader.elf.dir/Core/Src/stm32f1xx_it.c.obj
                0x08000416                PendSV_Handler
 .text.SysTick_Handler
                0x08000418        0x8 CMakeFiles/reader.elf.dir/Core/Src/stm32f1xx_it.c.obj
                0x08000418                SysTick_Handler
 .text.TIM1_UP_IRQHandler
                0x08000420       0x10 CMakeFiles/reader.elf.dir/Core/Src/stm32f1xx_it.c.obj
                0x08000420                TIM1_UP_IRQHandler
 .text.USART1_IRQHandler
                0x08000430       0x10 CMakeFiles/reader.elf.dir/Core/Src/stm32f1xx_it.c.obj
                0x08000430                USART1_IRQHandler
 .text.USART2_IRQHandler
                0x08000440       0x10 CMakeFiles/reader.elf.dir/Core/Src/stm32f1xx_it.c.obj
                0x08000440                USART2_IRQHandler
 .text.SystemInit
                0x08000450        0x2 CMakeFiles/reader.elf.dir/Core/Src/system_stm32f1xx.c.obj
                0x08000450                SystemInit
 *fill*         0x08000452        0x2 
 .text.MX_TIM1_Init
                0x08000454       0x74 CMakeFiles/reader.elf.dir/Core/Src/tim.c.obj
                0x08000454                MX_TIM1_Init
 .text.HAL_TIM_Base_MspInit
                0x080004c8       0x40 CMakeFiles/reader.elf.dir/Core/Src/tim.c.obj
                0x080004c8                HAL_TIM_Base_MspInit
 .text.MX_USART1_UART_Init
                0x08000508       0x34 CMakeFiles/reader.elf.dir/Core/Src/usart.c.obj
                0x08000508                MX_USART1_UART_Init
 .text.MX_USART2_UART_Init
                0x0800053c       0x34 CMakeFiles/reader.elf.dir/Core/Src/usart.c.obj
                0x0800053c                MX_USART2_UART_Init
 .text.HAL_UART_MspInit
                0x08000570       0xf8 CMakeFiles/reader.elf.dir/Core/Src/usart.c.obj
                0x08000570                HAL_UART_MspInit
 .text.HAL_InitTick
                0x08000668       0x4c CMakeFiles/reader.elf.dir/Drivers/STM32F1xx_HAL_Driver/Src/stm32f1xx_hal.c.obj
                0x08000668                HAL_InitTick
 .text.HAL_Init
                0x080006b4       0x24 CMakeFiles/reader.elf.dir/Drivers/STM32F1xx_HAL_Driver/Src/stm32f1xx_hal.c.obj
                0x080006b4                HAL_Init
 .text.HAL_IncTick
                0x080006d8       0x18 CMakeFiles/reader.elf.dir/Drivers/STM32F1xx_HAL_Driver/Src/stm32f1xx_hal.c.obj
                0x080006d8                HAL_IncTick
 .text.HAL_GetTick
                0x080006f0        0xc CMakeFiles/reader.elf.dir/Drivers/STM32F1xx_HAL_Driver/Src/stm32f1xx_hal.c.obj
                0x080006f0                HAL_GetTick
 .text.HAL_Delay
                0x080006fc       0x28 CMakeFiles/reader.elf.dir/Drivers/STM32F1xx_HAL_Driver/Src/stm32f1xx_hal.c.obj
                0x080006fc                HAL_Delay
 .text.HAL_NVIC_SetPriorityGrouping
                0x08000724       0x24 CMakeFiles/reader.elf.dir/Drivers/STM32F1xx_HAL_Driver/Src/stm32f1xx_hal_cortex.c.obj
                0x08000724                HAL_NVIC_SetPriorityGrouping
 .text.HAL_NVIC_SetPriority
                0x08000748       0x70 CMakeFiles/reader.elf.dir/Drivers/STM32F1xx_HAL_Driver/Src/stm32f1xx_hal_cortex.c.obj
                0x08000748                HAL_NVIC_SetPriority
 .text.HAL_NVIC_EnableIRQ
                0x080007b8       0x1c CMakeFiles/reader.elf.dir/Drivers/STM32F1xx_HAL_Driver/Src/stm32f1xx_hal_cortex.c.obj
                0x080007b8                HAL_NVIC_EnableIRQ
 .text.HAL_SYSTICK_Config
                0x080007d4       0x28 CMakeFiles/reader.elf.dir/Drivers/STM32F1xx_HAL_Driver/Src/stm32f1xx_hal_cortex.c.obj
                0x080007d4                HAL_SYSTICK_Config
 .text.HAL_DMA_Abort_IT
                0x080007fc       0x98 CMakeFiles/reader.elf.dir/Drivers/STM32F1xx_HAL_Driver/Src/stm32f1xx_hal_dma.c.obj
                0x080007fc                HAL_DMA_Abort_IT
 .text.FLASH_Program_HalfWord
                0x08000894       0x1c CMakeFiles/reader.elf.dir/Drivers/STM32F1xx_HAL_Driver/Src/stm32f1xx_hal_flash.c.obj
 .text.FLASH_SetErrorCode
                0x080008b0       0x70 CMakeFiles/reader.elf.dir/Drivers/STM32F1xx_HAL_Driver/Src/stm32f1xx_hal_flash.c.obj
 .text.HAL_FLASH_Unlock
                0x08000920       0x34 CMakeFiles/reader.elf.dir/Drivers/STM32F1xx_HAL_Driver/Src/stm32f1xx_hal_flash.c.obj
                0x08000920                HAL_FLASH_Unlock
 .text.HAL_FLASH_Lock
                0x08000954       0x14 CMakeFiles/reader.elf.dir/Drivers/STM32F1xx_HAL_Driver/Src/stm32f1xx_hal_flash.c.obj
                0x08000954                HAL_FLASH_Lock
 .text.FLASH_WaitForLastOperation
                0x08000968       0x68 CMakeFiles/reader.elf.dir/Drivers/STM32F1xx_HAL_Driver/Src/stm32f1xx_hal_flash.c.obj
                0x08000968                FLASH_WaitForLastOperation
 .text.HAL_FLASH_Program
                0x080009d0       0xa0 CMakeFiles/reader.elf.dir/Drivers/STM32F1xx_HAL_Driver/Src/stm32f1xx_hal_flash.c.obj
                0x080009d0                HAL_FLASH_Program
 .text.FLASH_MassErase
                0x08000a70       0x24 CMakeFiles/reader.elf.dir/Drivers/STM32F1xx_HAL_Driver/Src/stm32f1xx_hal_flash_ex.c.obj
 .text.FLASH_PageErase
                0x08000a94       0x24 CMakeFiles/reader.elf.dir/Drivers/STM32F1xx_HAL_Driver/Src/stm32f1xx_hal_flash_ex.c.obj
                0x08000a94                FLASH_PageErase
 .text.HAL_FLASHEx_Erase
                0x08000ab8       0xa4 CMakeFiles/reader.elf.dir/Drivers/STM32F1xx_HAL_Driver/Src/stm32f1xx_hal_flash_ex.c.obj
                0x08000ab8                HAL_FLASHEx_Erase
 .text.HAL_GPIO_Init
                0x08000b5c      0x224 CMakeFiles/reader.elf.dir/Drivers/STM32F1xx_HAL_Driver/Src/stm32f1xx_hal_gpio.c.obj
                0x08000b5c                HAL_GPIO_Init
 .text.HAL_GPIO_WritePin
                0x08000d80        0xc CMakeFiles/reader.elf.dir/Drivers/STM32F1xx_HAL_Driver/Src/stm32f1xx_hal_gpio.c.obj
                0x08000d80                HAL_GPIO_WritePin
 .text.RCC_Delay
                0x08000d8c       0x2c CMakeFiles/reader.elf.dir/Drivers/STM32F1xx_HAL_Driver/Src/stm32f1xx_hal_rcc.c.obj
 .text.HAL_RCC_OscConfig
                0x08000db8      0x410 CMakeFiles/reader.elf.dir/Drivers/STM32F1xx_HAL_Driver/Src/stm32f1xx_hal_rcc.c.obj
                0x08000db8                HAL_RCC_OscConfig
 .text.HAL_RCC_GetSysClockFreq
                0x080011c8       0x78 CMakeFiles/reader.elf.dir/Drivers/STM32F1xx_HAL_Driver/Src/stm32f1xx_hal_rcc.c.obj
                0x080011c8                HAL_RCC_GetSysClockFreq
 .text.HAL_RCC_ClockConfig
                0x08001240      0x16c CMakeFiles/reader.elf.dir/Drivers/STM32F1xx_HAL_Driver/Src/stm32f1xx_hal_rcc.c.obj
                0x08001240                HAL_RCC_ClockConfig
 .text.HAL_RCC_GetHCLKFreq
                0x080013ac        0xc CMakeFiles/reader.elf.dir/Drivers/STM32F1xx_HAL_Driver/Src/stm32f1xx_hal_rcc.c.obj
                0x080013ac                HAL_RCC_GetHCLKFreq
 .text.HAL_RCC_GetPCLK1Freq
                0x080013b8       0x20 CMakeFiles/reader.elf.dir/Drivers/STM32F1xx_HAL_Driver/Src/stm32f1xx_hal_rcc.c.obj
                0x080013b8                HAL_RCC_GetPCLK1Freq
 .text.HAL_RCC_GetPCLK2Freq
                0x080013d8       0x20 CMakeFiles/reader.elf.dir/Drivers/STM32F1xx_HAL_Driver/Src/stm32f1xx_hal_rcc.c.obj
                0x080013d8                HAL_RCC_GetPCLK2Freq
 .text.TIM_TI1_ConfigInputStage
                0x080013f8       0x24 CMakeFiles/reader.elf.dir/Drivers/STM32F1xx_HAL_Driver/Src/stm32f1xx_hal_tim.c.obj
 .text.TIM_TI2_ConfigInputStage
                0x0800141c       0x26 CMakeFiles/reader.elf.dir/Drivers/STM32F1xx_HAL_Driver/Src/stm32f1xx_hal_tim.c.obj
 .text.TIM_ITRx_SetConfig
                0x08001442       0x10 CMakeFiles/reader.elf.dir/Drivers/STM32F1xx_HAL_Driver/Src/stm32f1xx_hal_tim.c.obj
 *fill*         0x08001452        0x2 
 .text.HAL_TIM_Base_Start_IT
                0x08001454       0x68 CMakeFiles/reader.elf.dir/Drivers/STM32F1xx_HAL_Driver/Src/stm32f1xx_hal_tim.c.obj
                0x08001454                HAL_TIM_Base_Start_IT
 .text.HAL_TIM_OC_DelayElapsedCallback
                0x080014bc        0x2 CMakeFiles/reader.elf.dir/Drivers/STM32F1xx_HAL_Driver/Src/stm32f1xx_hal_tim.c.obj
                0x080014bc                HAL_TIM_OC_DelayElapsedCallback
 .text.HAL_TIM_IC_CaptureCallback
                0x080014be        0x2 CMakeFiles/reader.elf.dir/Drivers/STM32F1xx_HAL_Driver/Src/stm32f1xx_hal_tim.c.obj
                0x080014be                HAL_TIM_IC_CaptureCallback
 .text.HAL_TIM_PWM_PulseFinishedCallback
                0x080014c0        0x2 CMakeFiles/reader.elf.dir/Drivers/STM32F1xx_HAL_Driver/Src/stm32f1xx_hal_tim.c.obj
                0x080014c0                HAL_TIM_PWM_PulseFinishedCallback
 .text.HAL_TIM_TriggerCallback
                0x080014c2        0x2 CMakeFiles/reader.elf.dir/Drivers/STM32F1xx_HAL_Driver/Src/stm32f1xx_hal_tim.c.obj
                0x080014c2                HAL_TIM_TriggerCallback
 .text.HAL_TIM_IRQHandler
                0x080014c4      0x17a CMakeFiles/reader.elf.dir/Drivers/STM32F1xx_HAL_Driver/Src/stm32f1xx_hal_tim.c.obj
                0x080014c4                HAL_TIM_IRQHandler
 *fill*         0x0800163e        0x2 
 .text.TIM_Base_SetConfig
                0x08001640       0x74 CMakeFiles/reader.elf.dir/Drivers/STM32F1xx_HAL_Driver/Src/stm32f1xx_hal_tim.c.obj
                0x08001640                TIM_Base_SetConfig
 .text.HAL_TIM_Base_Init
                0x080016b4       0x58 CMakeFiles/reader.elf.dir/Drivers/STM32F1xx_HAL_Driver/Src/stm32f1xx_hal_tim.c.obj
                0x080016b4                HAL_TIM_Base_Init
 .text.TIM_ETR_SetConfig
                0x0800170c       0x18 CMakeFiles/reader.elf.dir/Drivers/STM32F1xx_HAL_Driver/Src/stm32f1xx_hal_tim.c.obj
                0x0800170c                TIM_ETR_SetConfig
 .text.HAL_TIM_ConfigClockSource
                0x08001724       0xda CMakeFiles/reader.elf.dir/Drivers/STM32F1xx_HAL_Driver/Src/stm32f1xx_hal_tim.c.obj
                0x08001724                HAL_TIM_ConfigClockSource
 *fill*         0x080017fe        0x2 
 .text.HAL_TIMEx_MasterConfigSynchronization
                0x08001800       0x6c CMakeFiles/reader.elf.dir/Drivers/STM32F1xx_HAL_Driver/Src/stm32f1xx_hal_tim_ex.c.obj
                0x08001800                HAL_TIMEx_MasterConfigSynchronization
 .text.HAL_TIMEx_CommutCallback
                0x0800186c        0x2 CMakeFiles/reader.elf.dir/Drivers/STM32F1xx_HAL_Driver/Src/stm32f1xx_hal_tim_ex.c.obj
                0x0800186c                HAL_TIMEx_CommutCallback
 .text.HAL_TIMEx_BreakCallback
                0x0800186e        0x2 CMakeFiles/reader.elf.dir/Drivers/STM32F1xx_HAL_Driver/Src/stm32f1xx_hal_tim_ex.c.obj
                0x0800186e                HAL_TIMEx_BreakCallback
 .text.UART_EndRxTransfer
                0x08001870       0x1c CMakeFiles/reader.elf.dir/Drivers/STM32F1xx_HAL_Driver/Src/stm32f1xx_hal_uart.c.obj
 .text.UART_Transmit_IT
                0x0800188c       0x60 CMakeFiles/reader.elf.dir/Drivers/STM32F1xx_HAL_Driver/Src/stm32f1xx_hal_uart.c.obj
 .text.UART_SetConfig
                0x080018ec       0x94 CMakeFiles/reader.elf.dir/Drivers/STM32F1xx_HAL_Driver/Src/stm32f1xx_hal_uart.c.obj
 .text.HAL_UART_Init
                0x08001980       0x5e CMakeFiles/reader.elf.dir/Drivers/STM32F1xx_HAL_Driver/Src/stm32f1xx_hal_uart.c.obj
                0x08001980                HAL_UART_Init
 .text.HAL_UART_Receive_IT
                0x080019de       0x62 CMakeFiles/reader.elf.dir/Drivers/STM32F1xx_HAL_Driver/Src/stm32f1xx_hal_uart.c.obj
                0x080019de                HAL_UART_Receive_IT
 .text.HAL_UART_TxCpltCallback
                0x08001a40        0x2 CMakeFiles/reader.elf.dir/Drivers/STM32F1xx_HAL_Driver/Src/stm32f1xx_hal_uart.c.obj
                0x08001a40                HAL_UART_TxCpltCallback
 .text.UART_EndTransmit_IT
                0x08001a42       0x1a CMakeFiles/reader.elf.dir/Drivers/STM32F1xx_HAL_Driver/Src/stm32f1xx_hal_uart.c.obj
 .text.UART_Receive_IT
                0x08001a5c       0x94 CMakeFiles/reader.elf.dir/Drivers/STM32F1xx_HAL_Driver/Src/stm32f1xx_hal_uart.c.obj
 .text.HAL_UART_ErrorCallback
                0x08001af0        0x2 CMakeFiles/reader.elf.dir/Drivers/STM32F1xx_HAL_Driver/Src/stm32f1xx_hal_uart.c.obj
                0x08001af0                HAL_UART_ErrorCallback
 *fill*         0x08001af2        0x2 
 .text.HAL_UART_IRQHandler
                0x08001af4      0x128 CMakeFiles/reader.elf.dir/Drivers/STM32F1xx_HAL_Driver/Src/stm32f1xx_hal_uart.c.obj
                0x08001af4                HAL_UART_IRQHandler
 .text.UART_DMAAbortOnError
                0x08001c1c       0x10 CMakeFiles/reader.elf.dir/Drivers/STM32F1xx_HAL_Driver/Src/stm32f1xx_hal_uart.c.obj
 .text.CheckSum
                0x08001c2c       0x18 CMakeFiles/reader.elf.dir/card/card.c.obj
                0x08001c2c                CheckSum
 .text.SerialWrite
                0x08001c44       0x24 CMakeFiles/reader.elf.dir/card/card.c.obj
                0x08001c44                SerialWrite
 .text.ID_Read  0x08001c68       0x4a CMakeFiles/reader.elf.dir/card/card.c.obj
                0x08001c68                ID_Read
 *fill*         0x08001cb2        0x2 
 .text.TID_read1
                0x08001cb4       0x88 CMakeFiles/reader.elf.dir/card/card.c.obj
                0x08001cb4                TID_read1
 .text.TID_read2
                0x08001d3c       0x66 CMakeFiles/reader.elf.dir/card/card.c.obj
                0x08001d3c                TID_read2
 *fill*         0x08001da2        0x2 
 .text.TID_write1
                0x08001da4       0x88 CMakeFiles/reader.elf.dir/card/card.c.obj
                0x08001da4                TID_write1
 .text.TID_write2
                0x08001e2c       0x6a CMakeFiles/reader.elf.dir/card/card.c.obj
                0x08001e2c                TID_write2
 *fill*         0x08001e96        0x2 
 .text.TID_write3
                0x08001e98       0x8c CMakeFiles/reader.elf.dir/card/card.c.obj
                0x08001e98                TID_write3
 .text.FLASH_EEPROM_Write
                0x08001f24       0x3c CMakeFiles/reader.elf.dir/flash/flash.c.obj
                0x08001f24                FLASH_EEPROM_Write
 .text.FLASH_EEPROM_Read
                0x08001f60       0x14 CMakeFiles/reader.elf.dir/flash/flash.c.obj
                0x08001f60                FLASH_EEPROM_Read
 .text.mode_check
                0x08001f74       0x28 CMakeFiles/reader.elf.dir/mode/mode.c.obj
                0x08001f74                mode_check
 .text.Reset_Handler
                0x08001f9c       0x48 CMakeFiles/reader.elf.dir/startup/startup_stm32f103xb.s.obj
                0x08001f9c                Reset_Handler
 .text.Default_Handler
                0x08001fe4        0x2 CMakeFiles/reader.elf.dir/startup/startup_stm32f103xb.s.obj
                0x08001fe4                RTC_Alarm_IRQHandler
                0x08001fe4                EXTI2_IRQHandler
                0x08001fe4                TIM1_CC_IRQHandler
                0x08001fe4                PVD_IRQHandler
                0x08001fe4                EXTI3_IRQHandler
                0x08001fe4                EXTI0_IRQHandler
                0x08001fe4                I2C2_EV_IRQHandler
                0x08001fe4                ADC1_2_IRQHandler
                0x08001fe4                SPI1_IRQHandler
                0x08001fe4                TAMPER_IRQHandler
                0x08001fe4                DMA1_Channel4_IRQHandler
                0x08001fe4                USART3_IRQHandler
                0x08001fe4                RTC_IRQHandler
                0x08001fe4                DMA1_Channel7_IRQHandler
                0x08001fe4                CAN1_RX1_IRQHandler
                0x08001fe4                TIM4_IRQHandler
                0x08001fe4                I2C1_EV_IRQHandler
                0x08001fe4                DMA1_Channel6_IRQHandler
                0x08001fe4                TIM3_IRQHandler
                0x08001fe4                RCC_IRQHandler
                0x08001fe4                TIM1_TRG_COM_IRQHandler
                0x08001fe4                DMA1_Channel1_IRQHandler
                0x08001fe4                Default_Handler
                0x08001fe4                EXTI15_10_IRQHandler
                0x08001fe4                EXTI9_5_IRQHandler
                0x08001fe4                SPI2_IRQHandler
                0x08001fe4                DMA1_Channel5_IRQHandler
                0x08001fe4                EXTI4_IRQHandler
                0x08001fe4                USB_LP_CAN1_RX0_IRQHandler
                0x08001fe4                USB_HP_CAN1_TX_IRQHandler
                0x08001fe4                DMA1_Channel3_IRQHandler
                0x08001fe4                WWDG_IRQHandler
                0x08001fe4                TIM2_IRQHandler
                0x08001fe4                TIM1_BRK_IRQHandler
                0x08001fe4                EXTI1_IRQHandler
                0x08001fe4                I2C2_ER_IRQHandler
                0x08001fe4                DMA1_Channel2_IRQHandler
                0x08001fe4                CAN1_SCE_IRQHandler
                0x08001fe4                FLASH_IRQHandler
                0x08001fe4                I2C1_ER_IRQHandler
                0x08001fe4                USBWakeUp_IRQHandler
 *fill*         0x08001fe6        0x2 
 .text.EPC_sum_check
                0x08001fe8       0x30 CMakeFiles/reader.elf.dir/uart/usrt.c.obj
                0x08001fe8                EPC_sum_check
 .text.HAL_UART_RxCpltCallback
                0x08002018      0x3a8 CMakeFiles/reader.elf.dir/uart/usrt.c.obj
                0x08002018                HAL_UART_RxCpltCallback
 .text.uiCrc16Cal
                0x080023c0       0x42 CMakeFiles/reader.elf.dir/upper/upper.c.obj
                0x080023c0                uiCrc16Cal
 *fill*         0x08002402        0x2 
 .text.UpperWrite
                0x08002404       0x24 CMakeFiles/reader.elf.dir/upper/upper.c.obj
                0x08002404                UpperWrite
 .text.upper_back
                0x08002428      0x738 CMakeFiles/reader.elf.dir/upper/upper.c.obj
                0x08002428                upper_back
 .text.upper_get
                0x08002b60       0x54 CMakeFiles/reader.elf.dir/upper/upper.c.obj
                0x08002b60                upper_get
 .text.__libc_init_array
                0x08002bb4       0x48 c:/progra~2/gnuarm~1/102020~1/bin/../lib/gcc/arm-none-eabi/10.2.1/../../../../arm-none-eabi/lib/thumb/v7-m/nofp\libg.a(lib_a-init.o)
                0x08002bb4                __libc_init_array
 .text.memset   0x08002bfc       0xa4 c:/progra~2/gnuarm~1/102020~1/bin/../lib/gcc/arm-none-eabi/10.2.1/../../../../arm-none-eabi/lib/thumb/v7-m/nofp\libg.a(lib_a-memset.o)
                0x08002bfc                memset
 .text.startup.register_fini
                0x08002ca0       0x14 c:/progra~2/gnuarm~1/102020~1/bin/../lib/gcc/arm-none-eabi/10.2.1/../../../../arm-none-eabi/lib/thumb/v7-m/nofp\libg.a(lib_a-__call_atexit.o)
 .text.atexit   0x08002cb4        0xc c:/progra~2/gnuarm~1/102020~1/bin/../lib/gcc/arm-none-eabi/10.2.1/../../../../arm-none-eabi/lib/thumb/v7-m/nofp\libg.a(lib_a-atexit.o)
                0x08002cb4                atexit
 .text.__libc_fini_array
                0x08002cc0       0x2c c:/progra~2/gnuarm~1/102020~1/bin/../lib/gcc/arm-none-eabi/10.2.1/../../../../arm-none-eabi/lib/thumb/v7-m/nofp\libg.a(lib_a-fini.o)
                0x08002cc0                __libc_fini_array
 .text.__retarget_lock_acquire_recursive
                0x08002cec        0x4 c:/progra~2/gnuarm~1/102020~1/bin/../lib/gcc/arm-none-eabi/10.2.1/../../../../arm-none-eabi/lib/thumb/v7-m/nofp\libg.a(lib_a-lock.o)
                0x08002cec                __retarget_lock_acquire_recursive
 .text.__retarget_lock_release_recursive
                0x08002cf0        0x4 c:/progra~2/gnuarm~1/102020~1/bin/../lib/gcc/arm-none-eabi/10.2.1/../../../../arm-none-eabi/lib/thumb/v7-m/nofp\libg.a(lib_a-lock.o)
                0x08002cf0                __retarget_lock_release_recursive
 .text.__register_exitproc
                0x08002cf4       0x8c c:/progra~2/gnuarm~1/102020~1/bin/../lib/gcc/arm-none-eabi/10.2.1/../../../../arm-none-eabi/lib/thumb/v7-m/nofp\libg.a(lib_a-__atexit.o)
                0x08002cf4                __register_exitproc
 *(.glue_7)
 .glue_7        0x08002d80        0x0 linker stubs
 *(.glue_7t)
 .glue_7t       0x08002d80        0x0 linker stubs
 *(.eh_frame)
 .eh_frame      0x08002d80        0x0 c:/progra~2/gnuarm~1/102020~1/bin/../lib/gcc/arm-none-eabi/10.2.1/thumb/v7-m/nofp/crtbegin.o
 *(.init)
 .init          0x08002d80        0x4 c:/progra~2/gnuarm~1/102020~1/bin/../lib/gcc/arm-none-eabi/10.2.1/thumb/v7-m/nofp/crti.o
                0x08002d80                _init
 .init          0x08002d84        0x8 c:/progra~2/gnuarm~1/102020~1/bin/../lib/gcc/arm-none-eabi/10.2.1/thumb/v7-m/nofp/crtn.o
 *(.fini)
 .fini          0x08002d8c        0x4 c:/progra~2/gnuarm~1/102020~1/bin/../lib/gcc/arm-none-eabi/10.2.1/thumb/v7-m/nofp/crti.o
                0x08002d8c                _fini
 .fini          0x08002d90        0x8 c:/progra~2/gnuarm~1/102020~1/bin/../lib/gcc/arm-none-eabi/10.2.1/thumb/v7-m/nofp/crtn.o
                0x08002d98                . = ALIGN (0x4)
                0x08002d98                _etext = .

.vfp11_veneer   0x08002d98        0x0
 .vfp11_veneer  0x08002d98        0x0 linker stubs

.v4_bx          0x08002d98        0x0
 .v4_bx         0x08002d98        0x0 linker stubs

.iplt           0x08002d98        0x0
 .iplt          0x08002d98        0x0 c:/progra~2/gnuarm~1/102020~1/bin/../lib/gcc/arm-none-eabi/10.2.1/thumb/v7-m/nofp/crtbegin.o

.rodata         0x08002d98       0x30
                0x08002d98                . = ALIGN (0x4)
 *(.rodata)
 *(.rodata*)
 .rodata.AHBPrescTable
                0x08002d98       0x10 CMakeFiles/reader.elf.dir/Core/Src/system_stm32f1xx.c.obj
                0x08002d98                AHBPrescTable
 .rodata.APBPrescTable
                0x08002da8        0x8 CMakeFiles/reader.elf.dir/Core/Src/system_stm32f1xx.c.obj
                0x08002da8                APBPrescTable
 .rodata.HAL_RCC_GetSysClockFreq.str1.4
                0x08002db0       0x11 CMakeFiles/reader.elf.dir/Drivers/STM32F1xx_HAL_Driver/Src/stm32f1xx_hal_rcc.c.obj
 *fill*         0x08002dc1        0x3 
 .rodata._global_impure_ptr
                0x08002dc4        0x4 c:/progra~2/gnuarm~1/102020~1/bin/../lib/gcc/arm-none-eabi/10.2.1/../../../../arm-none-eabi/lib/thumb/v7-m/nofp\libg.a(lib_a-impure.o)
                0x08002dc4                _global_impure_ptr
                0x08002dc8                . = ALIGN (0x4)

.rel.dyn        0x08002dc8        0x0
 .rel.iplt      0x08002dc8        0x0 c:/progra~2/gnuarm~1/102020~1/bin/../lib/gcc/arm-none-eabi/10.2.1/thumb/v7-m/nofp/crtbegin.o

.ARM.extab
 *(.ARM.extab* .gnu.linkonce.armextab.*)

.ARM            0x08002dc8        0x0
                0x08002dc8                __exidx_start = .
 *(.ARM.exidx*)
                0x08002dc8                __exidx_end = .

.preinit_array  0x08002dc8        0x0
                0x08002dc8                PROVIDE (__preinit_array_start = .)
 *(.preinit_array*)
                0x08002dc8                PROVIDE (__preinit_array_end = .)

.init_array     0x08002dc8        0x8
                0x08002dc8                PROVIDE (__init_array_start = .)
 *(SORT_BY_NAME(.init_array.*))
 .init_array.00000
                0x08002dc8        0x4 c:/progra~2/gnuarm~1/102020~1/bin/../lib/gcc/arm-none-eabi/10.2.1/../../../../arm-none-eabi/lib/thumb/v7-m/nofp\libg.a(lib_a-__call_atexit.o)
 *(.init_array*)
 .init_array    0x08002dcc        0x4 c:/progra~2/gnuarm~1/102020~1/bin/../lib/gcc/arm-none-eabi/10.2.1/thumb/v7-m/nofp/crtbegin.o
                0x08002dd0                PROVIDE (__init_array_end = .)

.fini_array     0x08002dd0        0x4
                0x08002dd0                PROVIDE (__fini_array_start = .)
 *(SORT_BY_NAME(.fini_array.*))
 *(.fini_array*)
 .fini_array    0x08002dd0        0x4 c:/progra~2/gnuarm~1/102020~1/bin/../lib/gcc/arm-none-eabi/10.2.1/thumb/v7-m/nofp/crtbegin.o
                0x08002dd4                PROVIDE (__fini_array_end = .)
                0x08002dd4                _sidata = LOADADDR (.data)

.data           0x20000000      0x43c load address 0x08002dd4
                0x20000000                . = ALIGN (0x4)
                0x20000000                _sdata = .
 *(.data)
 *(.data*)
 .data.SystemCoreClock
                0x20000000        0x4 CMakeFiles/reader.elf.dir/Core/Src/system_stm32f1xx.c.obj
                0x20000000                SystemCoreClock
 .data.uwTickFreq
                0x20000004        0x1 CMakeFiles/reader.elf.dir/Drivers/STM32F1xx_HAL_Driver/Src/stm32f1xx_hal.c.obj
                0x20000004                uwTickFreq
 *fill*         0x20000005        0x3 
 .data.uwTickPrio
                0x20000008        0x4 CMakeFiles/reader.elf.dir/Drivers/STM32F1xx_HAL_Driver/Src/stm32f1xx_hal.c.obj
                0x20000008                uwTickPrio
 *fill*         0x2000000c        0x4 
 .data.impure_data
                0x20000010      0x428 c:/progra~2/gnuarm~1/102020~1/bin/../lib/gcc/arm-none-eabi/10.2.1/../../../../arm-none-eabi/lib/thumb/v7-m/nofp\libg.a(lib_a-impure.o)
 .data.__atexit_recursive_mutex
                0x20000438        0x4 c:/progra~2/gnuarm~1/102020~1/bin/../lib/gcc/arm-none-eabi/10.2.1/../../../../arm-none-eabi/lib/thumb/v7-m/nofp\libg.a(lib_a-__call_atexit.o)
                0x20000438                __atexit_recursive_mutex
                0x2000043c                . = ALIGN (0x4)
                0x2000043c                _edata = .

.igot.plt       0x2000043c        0x0 load address 0x08003210
 .igot.plt      0x2000043c        0x0 c:/progra~2/gnuarm~1/102020~1/bin/../lib/gcc/arm-none-eabi/10.2.1/thumb/v7-m/nofp/crtbegin.o
                0x2000043c                . = ALIGN (0x4)

.bss            0x20000440      0x5b0 load address 0x08003210
                0x20000440                _sbss = .
                0x20000440                __bss_start__ = _sbss
 *(.bss)
 .bss           0x20000440       0x1c c:/progra~2/gnuarm~1/102020~1/bin/../lib/gcc/arm-none-eabi/10.2.1/thumb/v7-m/nofp/crtbegin.o
 *(.bss*)
 .bss.star_rfid
                0x2000045c        0x1 CMakeFiles/reader.elf.dir/Core/Src/main.c.obj
                0x2000045c                star_rfid
 *fill*         0x2000045d        0x1 
 .bss.ti        0x2000045e        0x2 CMakeFiles/reader.elf.dir/Core/Src/main.c.obj
                0x2000045e                ti
 .bss.htim1     0x20000460       0x48 CMakeFiles/reader.elf.dir/Core/Src/tim.c.obj
                0x20000460                htim1
 .bss.huart1    0x200004a8       0x40 CMakeFiles/reader.elf.dir/Core/Src/usart.c.obj
                0x200004a8                huart1
 .bss.huart2    0x200004e8       0x40 CMakeFiles/reader.elf.dir/Core/Src/usart.c.obj
                0x200004e8                huart2
 .bss.uwTick    0x20000528        0x4 CMakeFiles/reader.elf.dir/Drivers/STM32F1xx_HAL_Driver/Src/stm32f1xx_hal.c.obj
                0x20000528                uwTick
 *fill*         0x2000052c        0x4 
 .bss.pFlash    0x20000530       0x20 CMakeFiles/reader.elf.dir/Drivers/STM32F1xx_HAL_Driver/Src/stm32f1xx_hal_flash.c.obj
                0x20000530                pFlash
 .bss.mode      0x20000550        0x1 CMakeFiles/reader.elf.dir/mode/mode.c.obj
                0x20000550                mode
 *fill*         0x20000551        0x3 
 .bss.Commannd  0x20000554        0x1 CMakeFiles/reader.elf.dir/uart/usrt.c.obj
                0x20000554                Commannd
 *fill*         0x20000555        0x3 
 .bss.EPC       0x20000558        0xc CMakeFiles/reader.elf.dir/uart/usrt.c.obj
                0x20000558                EPC
 .bss.ID_usart  0x20000564      0x100 CMakeFiles/reader.elf.dir/uart/usrt.c.obj
                0x20000564                ID_usart
 .bss.IDcard_usart
                0x20000664      0x100 CMakeFiles/reader.elf.dir/uart/usrt.c.obj
                0x20000664                IDcard_usart
 .bss.RSSI      0x20000764        0x1 CMakeFiles/reader.elf.dir/uart/usrt.c.obj
                0x20000764                RSSI
 *fill*         0x20000765        0x3 
 .bss.TID       0x20000768       0x20 CMakeFiles/reader.elf.dir/uart/usrt.c.obj
                0x20000768                TID
 .bss.Upper_usart
                0x20000788      0x100 CMakeFiles/reader.elf.dir/uart/usrt.c.obj
                0x20000788                Upper_usart
 .bss.digit_sum
                0x20000888        0x1 CMakeFiles/reader.elf.dir/uart/usrt.c.obj
                0x20000888                digit_sum
 .bss.empty     0x20000889        0x1 CMakeFiles/reader.elf.dir/uart/usrt.c.obj
                0x20000889                empty
 .bss.empty_flag
                0x2000088a        0x1 CMakeFiles/reader.elf.dir/uart/usrt.c.obj
                0x2000088a                empty_flag
 .bss.err       0x2000088b        0x1 CMakeFiles/reader.elf.dir/uart/usrt.c.obj
                0x2000088b                err
 .bss.flag      0x2000088c        0x1 CMakeFiles/reader.elf.dir/uart/usrt.c.obj
                0x2000088c                flag
 .bss.flag_upper
                0x2000088d        0x1 CMakeFiles/reader.elf.dir/uart/usrt.c.obj
                0x2000088d                flag_upper
 .bss.i         0x2000088e        0x1 CMakeFiles/reader.elf.dir/uart/usrt.c.obj
                0x2000088e                i
 .bss.stop_flag
                0x2000088f        0x1 CMakeFiles/reader.elf.dir/uart/usrt.c.obj
                0x2000088f                stop_flag
 .bss.tid_step  0x20000890        0x1 CMakeFiles/reader.elf.dir/uart/usrt.c.obj
                0x20000890                tid_step
 *fill*         0x20000891        0x3 
 .bss.upper     0x20000894      0x100 CMakeFiles/reader.elf.dir/uart/usrt.c.obj
                0x20000894                upper
 .bss.upper_flag
                0x20000994        0x1 CMakeFiles/reader.elf.dir/uart/usrt.c.obj
                0x20000994                upper_flag
 .bss.write_step
                0x20000995        0x1 CMakeFiles/reader.elf.dir/uart/usrt.c.obj
                0x20000995                write_step
 .bss.cRc       0x20000996        0x2 CMakeFiles/reader.elf.dir/upper/upper.c.obj
                0x20000996                cRc
 .bss.epc_tid   0x20000998       0x30 CMakeFiles/reader.elf.dir/upper/upper.c.obj
                0x20000998                epc_tid
 .bss.epc_write
                0x200009c8       0x18 CMakeFiles/reader.elf.dir/upper/upper.c.obj
                0x200009c8                epc_write
 .bss.mode_flag
                0x200009e0        0x2 CMakeFiles/reader.elf.dir/upper/upper.c.obj
                0x200009e0                mode_flag
 .bss.same      0x200009e2        0x2 CMakeFiles/reader.elf.dir/upper/upper.c.obj
                0x200009e2                same
 .bss.tid_flag  0x200009e4        0x2 CMakeFiles/reader.elf.dir/upper/upper.c.obj
                0x200009e4                tid_flag
 .bss.tid_get   0x200009e6        0x2 CMakeFiles/reader.elf.dir/upper/upper.c.obj
                0x200009e6                tid_get
 .bss.write     0x200009e8        0x2 CMakeFiles/reader.elf.dir/upper/upper.c.obj
                0x200009e8                write
 .bss.write_flag
                0x200009ea        0x2 CMakeFiles/reader.elf.dir/upper/upper.c.obj
                0x200009ea                write_flag
 .bss.__lock___atexit_recursive_mutex
                0x200009ec        0x1 c:/progra~2/gnuarm~1/102020~1/bin/../lib/gcc/arm-none-eabi/10.2.1/../../../../arm-none-eabi/lib/thumb/v7-m/nofp\libg.a(lib_a-lock.o)
                0x200009ec                __lock___atexit_recursive_mutex
 *(COMMON)
                0x200009f0                . = ALIGN (0x4)
 *fill*         0x200009ed        0x3 
                0x200009f0                _ebss = .
                0x200009f0                __bss_end__ = _ebss

._user_heap_stack
                0x200009f0      0x600 load address 0x08003210
                0x200009f0                . = ALIGN (0x8)
                0x200009f0                PROVIDE (end = .)
                [!provide]                PROVIDE (_end = .)
                0x20000bf0                . = (. + _Min_Heap_Size)
 *fill*         0x200009f0      0x200 
                0x20000ff0                . = (. + _Min_Stack_Size)
 *fill*         0x20000bf0      0x400 
                0x20000ff0                . = ALIGN (0x8)

/DISCARD/
 libc.a(*)
 libm.a(*)
 libgcc.a(*)

.ARM.attributes
                0x00000000       0x29
 *(.ARM.attributes)
 .ARM.attributes
                0x00000000       0x1d c:/progra~2/gnuarm~1/102020~1/bin/../lib/gcc/arm-none-eabi/10.2.1/thumb/v7-m/nofp/crti.o
 .ARM.attributes
                0x0000001d       0x2d c:/progra~2/gnuarm~1/102020~1/bin/../lib/gcc/arm-none-eabi/10.2.1/thumb/v7-m/nofp/crtbegin.o
 .ARM.attributes
                0x0000004a       0x2d CMakeFiles/reader.elf.dir/Core/Src/gpio.c.obj
 .ARM.attributes
                0x00000077       0x2d CMakeFiles/reader.elf.dir/Core/Src/main.c.obj
 .ARM.attributes
                0x000000a4       0x2d CMakeFiles/reader.elf.dir/Core/Src/stm32f1xx_hal_msp.c.obj
 .ARM.attributes
                0x000000d1       0x2d CMakeFiles/reader.elf.dir/Core/Src/stm32f1xx_it.c.obj
 .ARM.attributes
                0x000000fe       0x2d CMakeFiles/reader.elf.dir/Core/Src/system_stm32f1xx.c.obj
 .ARM.attributes
                0x0000012b       0x2d CMakeFiles/reader.elf.dir/Core/Src/tim.c.obj
 .ARM.attributes
                0x00000158       0x2d CMakeFiles/reader.elf.dir/Core/Src/usart.c.obj
 .ARM.attributes
                0x00000185       0x2d CMakeFiles/reader.elf.dir/Drivers/STM32F1xx_HAL_Driver/Src/stm32f1xx_hal.c.obj
 .ARM.attributes
                0x000001b2       0x2d CMakeFiles/reader.elf.dir/Drivers/STM32F1xx_HAL_Driver/Src/stm32f1xx_hal_cortex.c.obj
 .ARM.attributes
                0x000001df       0x2d CMakeFiles/reader.elf.dir/Drivers/STM32F1xx_HAL_Driver/Src/stm32f1xx_hal_dma.c.obj
 .ARM.attributes
                0x0000020c       0x2d CMakeFiles/reader.elf.dir/Drivers/STM32F1xx_HAL_Driver/Src/stm32f1xx_hal_flash.c.obj
 .ARM.attributes
                0x00000239       0x2d CMakeFiles/reader.elf.dir/Drivers/STM32F1xx_HAL_Driver/Src/stm32f1xx_hal_flash_ex.c.obj
 .ARM.attributes
                0x00000266       0x2d CMakeFiles/reader.elf.dir/Drivers/STM32F1xx_HAL_Driver/Src/stm32f1xx_hal_gpio.c.obj
 .ARM.attributes
                0x00000293       0x2d CMakeFiles/reader.elf.dir/Drivers/STM32F1xx_HAL_Driver/Src/stm32f1xx_hal_rcc.c.obj
 .ARM.attributes
                0x000002c0       0x2d CMakeFiles/reader.elf.dir/Drivers/STM32F1xx_HAL_Driver/Src/stm32f1xx_hal_tim.c.obj
 .ARM.attributes
                0x000002ed       0x2d CMakeFiles/reader.elf.dir/Drivers/STM32F1xx_HAL_Driver/Src/stm32f1xx_hal_tim_ex.c.obj
 .ARM.attributes
                0x0000031a       0x2d CMakeFiles/reader.elf.dir/Drivers/STM32F1xx_HAL_Driver/Src/stm32f1xx_hal_uart.c.obj
 .ARM.attributes
                0x00000347       0x2d CMakeFiles/reader.elf.dir/card/card.c.obj
 .ARM.attributes
                0x00000374       0x2d CMakeFiles/reader.elf.dir/flash/flash.c.obj
 .ARM.attributes
                0x000003a1       0x2d CMakeFiles/reader.elf.dir/mode/mode.c.obj
 .ARM.attributes
                0x000003ce       0x21 CMakeFiles/reader.elf.dir/startup/startup_stm32f103xb.s.obj
 .ARM.attributes
                0x000003ef       0x2d CMakeFiles/reader.elf.dir/uart/usrt.c.obj
 .ARM.attributes
                0x0000041c       0x2d CMakeFiles/reader.elf.dir/upper/upper.c.obj
 .ARM.attributes
                0x00000449       0x2d c:/progra~2/gnuarm~1/102020~1/bin/../lib/gcc/arm-none-eabi/10.2.1/../../../../arm-none-eabi/lib/thumb/v7-m/nofp\libg.a(lib_a-impure.o)
 .ARM.attributes
                0x00000476       0x2d c:/progra~2/gnuarm~1/102020~1/bin/../lib/gcc/arm-none-eabi/10.2.1/../../../../arm-none-eabi/lib/thumb/v7-m/nofp\libg.a(lib_a-init.o)
 .ARM.attributes
                0x000004a3       0x2d c:/progra~2/gnuarm~1/102020~1/bin/../lib/gcc/arm-none-eabi/10.2.1/../../../../arm-none-eabi/lib/thumb/v7-m/nofp\libg.a(lib_a-memset.o)
 .ARM.attributes
                0x000004d0       0x2d c:/progra~2/gnuarm~1/102020~1/bin/../lib/gcc/arm-none-eabi/10.2.1/../../../../arm-none-eabi/lib/thumb/v7-m/nofp\libg.a(lib_a-__call_atexit.o)
 .ARM.attributes
                0x000004fd       0x2d c:/progra~2/gnuarm~1/102020~1/bin/../lib/gcc/arm-none-eabi/10.2.1/../../../../arm-none-eabi/lib/thumb/v7-m/nofp\libg.a(lib_a-atexit.o)
 .ARM.attributes
                0x0000052a       0x2d c:/progra~2/gnuarm~1/102020~1/bin/../lib/gcc/arm-none-eabi/10.2.1/../../../../arm-none-eabi/lib/thumb/v7-m/nofp\libg.a(lib_a-fini.o)
 .ARM.attributes
                0x00000557       0x2d c:/progra~2/gnuarm~1/102020~1/bin/../lib/gcc/arm-none-eabi/10.2.1/../../../../arm-none-eabi/lib/thumb/v7-m/nofp\libg.a(lib_a-lock.o)
 .ARM.attributes
                0x00000584       0x2d c:/progra~2/gnuarm~1/102020~1/bin/../lib/gcc/arm-none-eabi/10.2.1/../../../../arm-none-eabi/lib/thumb/v7-m/nofp\libg.a(lib_a-__atexit.o)
 .ARM.attributes
                0x000005b1       0x1d c:/progra~2/gnuarm~1/102020~1/bin/../lib/gcc/arm-none-eabi/10.2.1/thumb/v7-m/nofp/crtn.o
OUTPUT(reader.elf elf32-littlearm)
LOAD linker stubs
LOAD c:/progra~2/gnuarm~1/102020~1/bin/../lib/gcc/arm-none-eabi/10.2.1/../../../../arm-none-eabi/lib/thumb/v7-m/nofp\libc.a
LOAD c:/progra~2/gnuarm~1/102020~1/bin/../lib/gcc/arm-none-eabi/10.2.1/../../../../arm-none-eabi/lib/thumb/v7-m/nofp\libm.a
LOAD c:/progra~2/gnuarm~1/102020~1/bin/../lib/gcc/arm-none-eabi/10.2.1/thumb/v7-m/nofp\libgcc.a

.debug_info     0x00000000     0xfcec
 .debug_info    0x00000000      0x2f6 CMakeFiles/reader.elf.dir/Core/Src/gpio.c.obj
 .debug_info    0x000002f6      0xf7a CMakeFiles/reader.elf.dir/Core/Src/main.c.obj
 .debug_info    0x00001270      0x211 CMakeFiles/reader.elf.dir/Core/Src/stm32f1xx_hal_msp.c.obj
 .debug_info    0x00001481      0x9a9 CMakeFiles/reader.elf.dir/Core/Src/stm32f1xx_it.c.obj
 .debug_info    0x00001e2a      0x248 CMakeFiles/reader.elf.dir/Core/Src/system_stm32f1xx.c.obj
 .debug_info    0x00002072      0xa57 CMakeFiles/reader.elf.dir/Core/Src/tim.c.obj
 .debug_info    0x00002ac9      0xae2 CMakeFiles/reader.elf.dir/Core/Src/usart.c.obj
 .debug_info    0x000035ab      0x7a8 CMakeFiles/reader.elf.dir/Drivers/STM32F1xx_HAL_Driver/Src/stm32f1xx_hal.c.obj
 .debug_info    0x00003d53      0xd8a CMakeFiles/reader.elf.dir/Drivers/STM32F1xx_HAL_Driver/Src/stm32f1xx_hal_cortex.c.obj
 .debug_info    0x00004add      0x846 CMakeFiles/reader.elf.dir/Drivers/STM32F1xx_HAL_Driver/Src/stm32f1xx_hal_dma.c.obj
 .debug_info    0x00005323      0x698 CMakeFiles/reader.elf.dir/Drivers/STM32F1xx_HAL_Driver/Src/stm32f1xx_hal_flash.c.obj
 .debug_info    0x000059bb      0xafa CMakeFiles/reader.elf.dir/Drivers/STM32F1xx_HAL_Driver/Src/stm32f1xx_hal_flash_ex.c.obj
 .debug_info    0x000064b5      0x66f CMakeFiles/reader.elf.dir/Drivers/STM32F1xx_HAL_Driver/Src/stm32f1xx_hal_gpio.c.obj
 .debug_info    0x00006b24      0xa36 CMakeFiles/reader.elf.dir/Drivers/STM32F1xx_HAL_Driver/Src/stm32f1xx_hal_rcc.c.obj
 .debug_info    0x0000755a     0x3abe CMakeFiles/reader.elf.dir/Drivers/STM32F1xx_HAL_Driver/Src/stm32f1xx_hal_tim.c.obj
 .debug_info    0x0000b018     0x19a1 CMakeFiles/reader.elf.dir/Drivers/STM32F1xx_HAL_Driver/Src/stm32f1xx_hal_tim_ex.c.obj
 .debug_info    0x0000c9b9     0x1845 CMakeFiles/reader.elf.dir/Drivers/STM32F1xx_HAL_Driver/Src/stm32f1xx_hal_uart.c.obj
 .debug_info    0x0000e1fe      0x670 CMakeFiles/reader.elf.dir/card/card.c.obj
 .debug_info    0x0000e86e      0x208 CMakeFiles/reader.elf.dir/flash/flash.c.obj
 .debug_info    0x0000ea76       0xce CMakeFiles/reader.elf.dir/mode/mode.c.obj
 .debug_info    0x0000eb44       0x22 CMakeFiles/reader.elf.dir/startup/startup_stm32f103xb.s.obj
 .debug_info    0x0000eb66      0xace CMakeFiles/reader.elf.dir/uart/usrt.c.obj
 .debug_info    0x0000f634      0x6b8 CMakeFiles/reader.elf.dir/upper/upper.c.obj

.debug_abbrev   0x00000000     0x2918
 .debug_abbrev  0x00000000      0x13c CMakeFiles/reader.elf.dir/Core/Src/gpio.c.obj
 .debug_abbrev  0x0000013c      0x23e CMakeFiles/reader.elf.dir/Core/Src/main.c.obj
 .debug_abbrev  0x0000037a       0xe5 CMakeFiles/reader.elf.dir/Core/Src/stm32f1xx_hal_msp.c.obj
 .debug_abbrev  0x0000045f      0x179 CMakeFiles/reader.elf.dir/Core/Src/stm32f1xx_it.c.obj
 .debug_abbrev  0x000005d8      0x13e CMakeFiles/reader.elf.dir/Core/Src/system_stm32f1xx.c.obj
 .debug_abbrev  0x00000716      0x1de CMakeFiles/reader.elf.dir/Core/Src/tim.c.obj
 .debug_abbrev  0x000008f4      0x1ca CMakeFiles/reader.elf.dir/Core/Src/usart.c.obj
 .debug_abbrev  0x00000abe      0x1f4 CMakeFiles/reader.elf.dir/Drivers/STM32F1xx_HAL_Driver/Src/stm32f1xx_hal.c.obj
 .debug_abbrev  0x00000cb2      0x341 CMakeFiles/reader.elf.dir/Drivers/STM32F1xx_HAL_Driver/Src/stm32f1xx_hal_cortex.c.obj
 .debug_abbrev  0x00000ff3      0x223 CMakeFiles/reader.elf.dir/Drivers/STM32F1xx_HAL_Driver/Src/stm32f1xx_hal_dma.c.obj
 .debug_abbrev  0x00001216      0x22d CMakeFiles/reader.elf.dir/Drivers/STM32F1xx_HAL_Driver/Src/stm32f1xx_hal_flash.c.obj
 .debug_abbrev  0x00001443      0x234 CMakeFiles/reader.elf.dir/Drivers/STM32F1xx_HAL_Driver/Src/stm32f1xx_hal_flash_ex.c.obj
 .debug_abbrev  0x00001677      0x1e6 CMakeFiles/reader.elf.dir/Drivers/STM32F1xx_HAL_Driver/Src/stm32f1xx_hal_gpio.c.obj
 .debug_abbrev  0x0000185d      0x27a CMakeFiles/reader.elf.dir/Drivers/STM32F1xx_HAL_Driver/Src/stm32f1xx_hal_rcc.c.obj
 .debug_abbrev  0x00001ad7      0x23e CMakeFiles/reader.elf.dir/Drivers/STM32F1xx_HAL_Driver/Src/stm32f1xx_hal_tim.c.obj
 .debug_abbrev  0x00001d15      0x241 CMakeFiles/reader.elf.dir/Drivers/STM32F1xx_HAL_Driver/Src/stm32f1xx_hal_tim_ex.c.obj
 .debug_abbrev  0x00001f56      0x254 CMakeFiles/reader.elf.dir/Drivers/STM32F1xx_HAL_Driver/Src/stm32f1xx_hal_uart.c.obj
 .debug_abbrev  0x000021aa      0x1bb CMakeFiles/reader.elf.dir/card/card.c.obj
 .debug_abbrev  0x00002365      0x114 CMakeFiles/reader.elf.dir/flash/flash.c.obj
 .debug_abbrev  0x00002479       0x77 CMakeFiles/reader.elf.dir/mode/mode.c.obj
 .debug_abbrev  0x000024f0       0x12 CMakeFiles/reader.elf.dir/startup/startup_stm32f103xb.s.obj
 .debug_abbrev  0x00002502      0x211 CMakeFiles/reader.elf.dir/uart/usrt.c.obj
 .debug_abbrev  0x00002713      0x205 CMakeFiles/reader.elf.dir/upper/upper.c.obj

.debug_aranges  0x00000000      0xde0
 .debug_aranges
                0x00000000       0x20 CMakeFiles/reader.elf.dir/Core/Src/gpio.c.obj
 .debug_aranges
                0x00000020       0x40 CMakeFiles/reader.elf.dir/Core/Src/main.c.obj
 .debug_aranges
                0x00000060       0x20 CMakeFiles/reader.elf.dir/Core/Src/stm32f1xx_hal_msp.c.obj
 .debug_aranges
                0x00000080       0x78 CMakeFiles/reader.elf.dir/Core/Src/stm32f1xx_it.c.obj
 .debug_aranges
                0x000000f8       0x28 CMakeFiles/reader.elf.dir/Core/Src/system_stm32f1xx.c.obj
 .debug_aranges
                0x00000120       0x30 CMakeFiles/reader.elf.dir/Core/Src/tim.c.obj
 .debug_aranges
                0x00000150       0x38 CMakeFiles/reader.elf.dir/Core/Src/usart.c.obj
 .debug_aranges
                0x00000188       0xe0 CMakeFiles/reader.elf.dir/Drivers/STM32F1xx_HAL_Driver/Src/stm32f1xx_hal.c.obj
 .debug_aranges
                0x00000268       0x90 CMakeFiles/reader.elf.dir/Drivers/STM32F1xx_HAL_Driver/Src/stm32f1xx_hal_cortex.c.obj
 .debug_aranges
                0x000002f8       0x80 CMakeFiles/reader.elf.dir/Drivers/STM32F1xx_HAL_Driver/Src/stm32f1xx_hal_dma.c.obj
 .debug_aranges
                0x00000378       0x88 CMakeFiles/reader.elf.dir/Drivers/STM32F1xx_HAL_Driver/Src/stm32f1xx_hal_flash.c.obj
 .debug_aranges
                0x00000400       0x98 CMakeFiles/reader.elf.dir/Drivers/STM32F1xx_HAL_Driver/Src/stm32f1xx_hal_flash_ex.c.obj
 .debug_aranges
                0x00000498       0x58 CMakeFiles/reader.elf.dir/Drivers/STM32F1xx_HAL_Driver/Src/stm32f1xx_hal_gpio.c.obj
 .debug_aranges
                0x000004f0       0x90 CMakeFiles/reader.elf.dir/Drivers/STM32F1xx_HAL_Driver/Src/stm32f1xx_hal_rcc.c.obj
 .debug_aranges
                0x00000580      0x3d0 CMakeFiles/reader.elf.dir/Drivers/STM32F1xx_HAL_Driver/Src/stm32f1xx_hal_tim.c.obj
 .debug_aranges
                0x00000950      0x168 CMakeFiles/reader.elf.dir/Drivers/STM32F1xx_HAL_Driver/Src/stm32f1xx_hal_tim_ex.c.obj
 .debug_aranges
                0x00000ab8      0x1d0 CMakeFiles/reader.elf.dir/Drivers/STM32F1xx_HAL_Driver/Src/stm32f1xx_hal_uart.c.obj
 .debug_aranges
                0x00000c88       0x88 CMakeFiles/reader.elf.dir/card/card.c.obj
 .debug_aranges
                0x00000d10       0x28 CMakeFiles/reader.elf.dir/flash/flash.c.obj
 .debug_aranges
                0x00000d38       0x20 CMakeFiles/reader.elf.dir/mode/mode.c.obj
 .debug_aranges
                0x00000d58       0x28 CMakeFiles/reader.elf.dir/startup/startup_stm32f103xb.s.obj
 .debug_aranges
                0x00000d80       0x28 CMakeFiles/reader.elf.dir/uart/usrt.c.obj
 .debug_aranges
                0x00000da8       0x38 CMakeFiles/reader.elf.dir/upper/upper.c.obj

.debug_ranges   0x00000000      0xd10
 .debug_ranges  0x00000000       0x10 CMakeFiles/reader.elf.dir/Core/Src/gpio.c.obj
 .debug_ranges  0x00000010       0x30 CMakeFiles/reader.elf.dir/Core/Src/main.c.obj
 .debug_ranges  0x00000040       0x10 CMakeFiles/reader.elf.dir/Core/Src/stm32f1xx_hal_msp.c.obj
 .debug_ranges  0x00000050       0x68 CMakeFiles/reader.elf.dir/Core/Src/stm32f1xx_it.c.obj
 .debug_ranges  0x000000b8       0x18 CMakeFiles/reader.elf.dir/Core/Src/system_stm32f1xx.c.obj
 .debug_ranges  0x000000d0       0x20 CMakeFiles/reader.elf.dir/Core/Src/tim.c.obj
 .debug_ranges  0x000000f0       0x28 CMakeFiles/reader.elf.dir/Core/Src/usart.c.obj
 .debug_ranges  0x00000118       0xd0 CMakeFiles/reader.elf.dir/Drivers/STM32F1xx_HAL_Driver/Src/stm32f1xx_hal.c.obj
 .debug_ranges  0x000001e8       0xe0 CMakeFiles/reader.elf.dir/Drivers/STM32F1xx_HAL_Driver/Src/stm32f1xx_hal_cortex.c.obj
 .debug_ranges  0x000002c8       0x70 CMakeFiles/reader.elf.dir/Drivers/STM32F1xx_HAL_Driver/Src/stm32f1xx_hal_dma.c.obj
 .debug_ranges  0x00000338       0x78 CMakeFiles/reader.elf.dir/Drivers/STM32F1xx_HAL_Driver/Src/stm32f1xx_hal_flash.c.obj
 .debug_ranges  0x000003b0       0x88 CMakeFiles/reader.elf.dir/Drivers/STM32F1xx_HAL_Driver/Src/stm32f1xx_hal_flash_ex.c.obj
 .debug_ranges  0x00000438       0x48 CMakeFiles/reader.elf.dir/Drivers/STM32F1xx_HAL_Driver/Src/stm32f1xx_hal_gpio.c.obj
 .debug_ranges  0x00000480       0xa0 CMakeFiles/reader.elf.dir/Drivers/STM32F1xx_HAL_Driver/Src/stm32f1xx_hal_rcc.c.obj
 .debug_ranges  0x00000520      0x3c0 CMakeFiles/reader.elf.dir/Drivers/STM32F1xx_HAL_Driver/Src/stm32f1xx_hal_tim.c.obj
 .debug_ranges  0x000008e0      0x158 CMakeFiles/reader.elf.dir/Drivers/STM32F1xx_HAL_Driver/Src/stm32f1xx_hal_tim_ex.c.obj
 .debug_ranges  0x00000a38      0x1c0 CMakeFiles/reader.elf.dir/Drivers/STM32F1xx_HAL_Driver/Src/stm32f1xx_hal_uart.c.obj
 .debug_ranges  0x00000bf8       0x90 CMakeFiles/reader.elf.dir/card/card.c.obj
 .debug_ranges  0x00000c88       0x18 CMakeFiles/reader.elf.dir/flash/flash.c.obj
 .debug_ranges  0x00000ca0       0x10 CMakeFiles/reader.elf.dir/mode/mode.c.obj
 .debug_ranges  0x00000cb0       0x20 CMakeFiles/reader.elf.dir/startup/startup_stm32f103xb.s.obj
 .debug_ranges  0x00000cd0       0x18 CMakeFiles/reader.elf.dir/uart/usrt.c.obj
 .debug_ranges  0x00000ce8       0x28 CMakeFiles/reader.elf.dir/upper/upper.c.obj

.debug_line     0x00000000     0xe818
 .debug_line    0x00000000      0x1b3 CMakeFiles/reader.elf.dir/Core/Src/gpio.c.obj
 .debug_line    0x000001b3      0x4b1 CMakeFiles/reader.elf.dir/Core/Src/main.c.obj
 .debug_line    0x00000664      0x151 CMakeFiles/reader.elf.dir/Core/Src/stm32f1xx_hal_msp.c.obj
 .debug_line    0x000007b5      0x304 CMakeFiles/reader.elf.dir/Core/Src/stm32f1xx_it.c.obj
 .debug_line    0x00000ab9      0x21a CMakeFiles/reader.elf.dir/Core/Src/system_stm32f1xx.c.obj
 .debug_line    0x00000cd3      0x2e9 CMakeFiles/reader.elf.dir/Core/Src/tim.c.obj
 .debug_line    0x00000fbc      0x3c4 CMakeFiles/reader.elf.dir/Core/Src/usart.c.obj
 .debug_line    0x00001380      0x51c CMakeFiles/reader.elf.dir/Drivers/STM32F1xx_HAL_Driver/Src/stm32f1xx_hal.c.obj
 .debug_line    0x0000189c      0x61a CMakeFiles/reader.elf.dir/Drivers/STM32F1xx_HAL_Driver/Src/stm32f1xx_hal_cortex.c.obj
 .debug_line    0x00001eb6      0xa34 CMakeFiles/reader.elf.dir/Drivers/STM32F1xx_HAL_Driver/Src/stm32f1xx_hal_dma.c.obj
 .debug_line    0x000028ea      0x769 CMakeFiles/reader.elf.dir/Drivers/STM32F1xx_HAL_Driver/Src/stm32f1xx_hal_flash.c.obj
 .debug_line    0x00003053      0x8fb CMakeFiles/reader.elf.dir/Drivers/STM32F1xx_HAL_Driver/Src/stm32f1xx_hal_flash_ex.c.obj
 .debug_line    0x0000394e      0x5c4 CMakeFiles/reader.elf.dir/Drivers/STM32F1xx_HAL_Driver/Src/stm32f1xx_hal_gpio.c.obj
 .debug_line    0x00003f12      0xc11 CMakeFiles/reader.elf.dir/Drivers/STM32F1xx_HAL_Driver/Src/stm32f1xx_hal_rcc.c.obj
 .debug_line    0x00004b23     0x4649 CMakeFiles/reader.elf.dir/Drivers/STM32F1xx_HAL_Driver/Src/stm32f1xx_hal_tim.c.obj
 .debug_line    0x0000916c     0x1c3b CMakeFiles/reader.elf.dir/Drivers/STM32F1xx_HAL_Driver/Src/stm32f1xx_hal_tim_ex.c.obj
 .debug_line    0x0000ada7     0x1b99 CMakeFiles/reader.elf.dir/Drivers/STM32F1xx_HAL_Driver/Src/stm32f1xx_hal_uart.c.obj
 .debug_line    0x0000c940      0x89a CMakeFiles/reader.elf.dir/card/card.c.obj
 .debug_line    0x0000d1da      0x19e CMakeFiles/reader.elf.dir/flash/flash.c.obj
 .debug_line    0x0000d378      0x120 CMakeFiles/reader.elf.dir/mode/mode.c.obj
 .debug_line    0x0000d498       0x87 CMakeFiles/reader.elf.dir/startup/startup_stm32f103xb.s.obj
 .debug_line    0x0000d51f      0x5fb CMakeFiles/reader.elf.dir/uart/usrt.c.obj
 .debug_line    0x0000db1a      0xcfe CMakeFiles/reader.elf.dir/upper/upper.c.obj

.debug_str      0x00000000     0x3e80
 .debug_str     0x00000000      0x244 CMakeFiles/reader.elf.dir/Core/Src/gpio.c.obj
                                0x28f (size before relaxing)
 .debug_str     0x00000244      0x8ea CMakeFiles/reader.elf.dir/Core/Src/main.c.obj
                                0xb78 (size before relaxing)
 .debug_str     0x00000b2e       0x64 CMakeFiles/reader.elf.dir/Core/Src/stm32f1xx_hal_msp.c.obj
                                0x231 (size before relaxing)
 .debug_str     0x00000b92      0x11f CMakeFiles/reader.elf.dir/Core/Src/stm32f1xx_it.c.obj
                                0x944 (size before relaxing)
 .debug_str     0x00000cb1       0x88 CMakeFiles/reader.elf.dir/Core/Src/system_stm32f1xx.c.obj
                                0x266 (size before relaxing)
 .debug_str     0x00000d39      0x457 CMakeFiles/reader.elf.dir/Core/Src/tim.c.obj
                                0xb2b (size before relaxing)
 .debug_str     0x00001190       0x6b CMakeFiles/reader.elf.dir/Core/Src/usart.c.obj
                                0x9b1 (size before relaxing)
 .debug_str     0x000011fb      0x309 CMakeFiles/reader.elf.dir/Drivers/STM32F1xx_HAL_Driver/Src/stm32f1xx_hal.c.obj
                                0x836 (size before relaxing)
 .debug_str     0x00001504      0x3a8 CMakeFiles/reader.elf.dir/Drivers/STM32F1xx_HAL_Driver/Src/stm32f1xx_hal_cortex.c.obj
                                0x8e5 (size before relaxing)
 .debug_str     0x000018ac      0x249 CMakeFiles/reader.elf.dir/Drivers/STM32F1xx_HAL_Driver/Src/stm32f1xx_hal_dma.c.obj
                                0x60f (size before relaxing)
 .debug_str     0x00001af5      0x2a0 CMakeFiles/reader.elf.dir/Drivers/STM32F1xx_HAL_Driver/Src/stm32f1xx_hal_flash.c.obj
                                0x541 (size before relaxing)
 .debug_str     0x00001d95      0x2cd CMakeFiles/reader.elf.dir/Drivers/STM32F1xx_HAL_Driver/Src/stm32f1xx_hal_flash_ex.c.obj
                                0x657 (size before relaxing)
 .debug_str     0x00002062      0x11f CMakeFiles/reader.elf.dir/Drivers/STM32F1xx_HAL_Driver/Src/stm32f1xx_hal_gpio.c.obj
                                0x412 (size before relaxing)
 .debug_str     0x00002181      0x1fe CMakeFiles/reader.elf.dir/Drivers/STM32F1xx_HAL_Driver/Src/stm32f1xx_hal_rcc.c.obj
                                0x63d (size before relaxing)
 .debug_str     0x0000237f      0xe18 CMakeFiles/reader.elf.dir/Drivers/STM32F1xx_HAL_Driver/Src/stm32f1xx_hal_tim.c.obj
                               0x164a (size before relaxing)
 .debug_str     0x00003197      0x557 CMakeFiles/reader.elf.dir/Drivers/STM32F1xx_HAL_Driver/Src/stm32f1xx_hal_tim_ex.c.obj
                                0xe74 (size before relaxing)
 .debug_str     0x000036ee      0x507 CMakeFiles/reader.elf.dir/Drivers/STM32F1xx_HAL_Driver/Src/stm32f1xx_hal_uart.c.obj
                                0xbb4 (size before relaxing)
 .debug_str     0x00003bf5       0xce CMakeFiles/reader.elf.dir/card/card.c.obj
                                0x2ab (size before relaxing)
 .debug_str     0x00003cc3       0x3f CMakeFiles/reader.elf.dir/flash/flash.c.obj
                                0x27e (size before relaxing)
 .debug_str     0x00003d02       0x29 CMakeFiles/reader.elf.dir/mode/mode.c.obj
                                0x1b8 (size before relaxing)
 .debug_str     0x00003d2b       0x39 CMakeFiles/reader.elf.dir/startup/startup_stm32f103xb.s.obj
                                 0x58 (size before relaxing)
 .debug_str     0x00003d64       0xa2 CMakeFiles/reader.elf.dir/uart/usrt.c.obj
                                0x667 (size before relaxing)
 .debug_str     0x00003e06       0x7a CMakeFiles/reader.elf.dir/upper/upper.c.obj
                                0x2ff (size before relaxing)

.comment        0x00000000       0x4d
 .comment       0x00000000       0x4d CMakeFiles/reader.elf.dir/Core/Src/gpio.c.obj
                                 0x4e (size before relaxing)
 .comment       0x0000004d       0x4e CMakeFiles/reader.elf.dir/Core/Src/main.c.obj
 .comment       0x0000004d       0x4e CMakeFiles/reader.elf.dir/Core/Src/stm32f1xx_hal_msp.c.obj
 .comment       0x0000004d       0x4e CMakeFiles/reader.elf.dir/Core/Src/stm32f1xx_it.c.obj
 .comment       0x0000004d       0x4e CMakeFiles/reader.elf.dir/Core/Src/system_stm32f1xx.c.obj
 .comment       0x0000004d       0x4e CMakeFiles/reader.elf.dir/Core/Src/tim.c.obj
 .comment       0x0000004d       0x4e CMakeFiles/reader.elf.dir/Core/Src/usart.c.obj
 .comment       0x0000004d       0x4e CMakeFiles/reader.elf.dir/Drivers/STM32F1xx_HAL_Driver/Src/stm32f1xx_hal.c.obj
 .comment       0x0000004d       0x4e CMakeFiles/reader.elf.dir/Drivers/STM32F1xx_HAL_Driver/Src/stm32f1xx_hal_cortex.c.obj
 .comment       0x0000004d       0x4e CMakeFiles/reader.elf.dir/Drivers/STM32F1xx_HAL_Driver/Src/stm32f1xx_hal_dma.c.obj
 .comment       0x0000004d       0x4e CMakeFiles/reader.elf.dir/Drivers/STM32F1xx_HAL_Driver/Src/stm32f1xx_hal_flash.c.obj
 .comment       0x0000004d       0x4e CMakeFiles/reader.elf.dir/Drivers/STM32F1xx_HAL_Driver/Src/stm32f1xx_hal_flash_ex.c.obj
 .comment       0x0000004d       0x4e CMakeFiles/reader.elf.dir/Drivers/STM32F1xx_HAL_Driver/Src/stm32f1xx_hal_gpio.c.obj
 .comment       0x0000004d       0x4e CMakeFiles/reader.elf.dir/Drivers/STM32F1xx_HAL_Driver/Src/stm32f1xx_hal_rcc.c.obj
 .comment       0x0000004d       0x4e CMakeFiles/reader.elf.dir/Drivers/STM32F1xx_HAL_Driver/Src/stm32f1xx_hal_tim.c.obj
 .comment       0x0000004d       0x4e CMakeFiles/reader.elf.dir/Drivers/STM32F1xx_HAL_Driver/Src/stm32f1xx_hal_tim_ex.c.obj
 .comment       0x0000004d       0x4e CMakeFiles/reader.elf.dir/Drivers/STM32F1xx_HAL_Driver/Src/stm32f1xx_hal_uart.c.obj
 .comment       0x0000004d       0x4e CMakeFiles/reader.elf.dir/card/card.c.obj
 .comment       0x0000004d       0x4e CMakeFiles/reader.elf.dir/flash/flash.c.obj
 .comment       0x0000004d       0x4e CMakeFiles/reader.elf.dir/mode/mode.c.obj
 .comment       0x0000004d       0x4e CMakeFiles/reader.elf.dir/uart/usrt.c.obj
 .comment       0x0000004d       0x4e CMakeFiles/reader.elf.dir/upper/upper.c.obj

.debug_frame    0x00000000     0x24cc
 .debug_frame   0x00000000       0x30 CMakeFiles/reader.elf.dir/Core/Src/gpio.c.obj
 .debug_frame   0x00000030       0x80 CMakeFiles/reader.elf.dir/Core/Src/main.c.obj
 .debug_frame   0x000000b0       0x28 CMakeFiles/reader.elf.dir/Core/Src/stm32f1xx_hal_msp.c.obj
 .debug_frame   0x000000d8       0xf0 CMakeFiles/reader.elf.dir/Core/Src/stm32f1xx_it.c.obj
 .debug_frame   0x000001c8       0x30 CMakeFiles/reader.elf.dir/Core/Src/system_stm32f1xx.c.obj
 .debug_frame   0x000001f8       0x64 CMakeFiles/reader.elf.dir/Core/Src/tim.c.obj
 .debug_frame   0x0000025c       0x7c CMakeFiles/reader.elf.dir/Core/Src/usart.c.obj
 .debug_frame   0x000002d8      0x1cc CMakeFiles/reader.elf.dir/Drivers/STM32F1xx_HAL_Driver/Src/stm32f1xx_hal.c.obj
 .debug_frame   0x000004a4      0x118 CMakeFiles/reader.elf.dir/Drivers/STM32F1xx_HAL_Driver/Src/stm32f1xx_hal_cortex.c.obj
 .debug_frame   0x000005bc      0x144 CMakeFiles/reader.elf.dir/Drivers/STM32F1xx_HAL_Driver/Src/stm32f1xx_hal_dma.c.obj
 .debug_frame   0x00000700      0x134 CMakeFiles/reader.elf.dir/Drivers/STM32F1xx_HAL_Driver/Src/stm32f1xx_hal_flash.c.obj
 .debug_frame   0x00000834      0x194 CMakeFiles/reader.elf.dir/Drivers/STM32F1xx_HAL_Driver/Src/stm32f1xx_hal_flash_ex.c.obj
 .debug_frame   0x000009c8       0xe4 CMakeFiles/reader.elf.dir/Drivers/STM32F1xx_HAL_Driver/Src/stm32f1xx_hal_gpio.c.obj
 .debug_frame   0x00000aac      0x18c CMakeFiles/reader.elf.dir/Drivers/STM32F1xx_HAL_Driver/Src/stm32f1xx_hal_rcc.c.obj
 .debug_frame   0x00000c38      0xb14 CMakeFiles/reader.elf.dir/Drivers/STM32F1xx_HAL_Driver/Src/stm32f1xx_hal_tim.c.obj
 .debug_frame   0x0000174c      0x40c CMakeFiles/reader.elf.dir/Drivers/STM32F1xx_HAL_Driver/Src/stm32f1xx_hal_tim_ex.c.obj
 .debug_frame   0x00001b58      0x4e8 CMakeFiles/reader.elf.dir/Drivers/STM32F1xx_HAL_Driver/Src/stm32f1xx_hal_uart.c.obj
 .debug_frame   0x00002040      0x180 CMakeFiles/reader.elf.dir/card/card.c.obj
 .debug_frame   0x000021c0       0x4c CMakeFiles/reader.elf.dir/flash/flash.c.obj
 .debug_frame   0x0000220c       0x20 CMakeFiles/reader.elf.dir/mode/mode.c.obj
 .debug_frame   0x0000222c       0x38 CMakeFiles/reader.elf.dir/uart/usrt.c.obj
 .debug_frame   0x00002264       0x7c CMakeFiles/reader.elf.dir/upper/upper.c.obj
 .debug_frame   0x000022e0       0x2c c:/progra~2/gnuarm~1/102020~1/bin/../lib/gcc/arm-none-eabi/10.2.1/../../../../arm-none-eabi/lib/thumb/v7-m/nofp\libg.a(lib_a-init.o)
 .debug_frame   0x0000230c       0x2c c:/progra~2/gnuarm~1/102020~1/bin/../lib/gcc/arm-none-eabi/10.2.1/../../../../arm-none-eabi/lib/thumb/v7-m/nofp\libg.a(lib_a-memset.o)
 .debug_frame   0x00002338       0x5c c:/progra~2/gnuarm~1/102020~1/bin/../lib/gcc/arm-none-eabi/10.2.1/../../../../arm-none-eabi/lib/thumb/v7-m/nofp\libg.a(lib_a-__call_atexit.o)
 .debug_frame   0x00002394       0x20 c:/progra~2/gnuarm~1/102020~1/bin/../lib/gcc/arm-none-eabi/10.2.1/../../../../arm-none-eabi/lib/thumb/v7-m/nofp\libg.a(lib_a-atexit.o)
 .debug_frame   0x000023b4       0x34 c:/progra~2/gnuarm~1/102020~1/bin/../lib/gcc/arm-none-eabi/10.2.1/../../../../arm-none-eabi/lib/thumb/v7-m/nofp\libg.a(lib_a-fini.o)
 .debug_frame   0x000023e8       0xb0 c:/progra~2/gnuarm~1/102020~1/bin/../lib/gcc/arm-none-eabi/10.2.1/../../../../arm-none-eabi/lib/thumb/v7-m/nofp\libg.a(lib_a-lock.o)
 .debug_frame   0x00002498       0x34 c:/progra~2/gnuarm~1/102020~1/bin/../lib/gcc/arm-none-eabi/10.2.1/../../../../arm-none-eabi/lib/thumb/v7-m/nofp\libg.a(lib_a-__atexit.o)

.debug_loc      0x00000000     0xb1db
 .debug_loc     0x00000000       0x3a CMakeFiles/reader.elf.dir/Core/Src/main.c.obj
 .debug_loc     0x0000003a       0x15 CMakeFiles/reader.elf.dir/Core/Src/stm32f1xx_hal_msp.c.obj
 .debug_loc     0x0000004f       0xff CMakeFiles/reader.elf.dir/Core/Src/system_stm32f1xx.c.obj
 .debug_loc     0x0000014e       0x67 CMakeFiles/reader.elf.dir/Core/Src/tim.c.obj
 .debug_loc     0x000001b5       0xbe CMakeFiles/reader.elf.dir/Core/Src/usart.c.obj
 .debug_loc     0x00000273      0x141 CMakeFiles/reader.elf.dir/Drivers/STM32F1xx_HAL_Driver/Src/stm32f1xx_hal.c.obj
 .debug_loc     0x000003b4      0x71f CMakeFiles/reader.elf.dir/Drivers/STM32F1xx_HAL_Driver/Src/stm32f1xx_hal_cortex.c.obj
 .debug_loc     0x00000ad3      0x7d1 CMakeFiles/reader.elf.dir/Drivers/STM32F1xx_HAL_Driver/Src/stm32f1xx_hal_dma.c.obj
 .debug_loc     0x000012a4      0x3a2 CMakeFiles/reader.elf.dir/Drivers/STM32F1xx_HAL_Driver/Src/stm32f1xx_hal_flash.c.obj
 .debug_loc     0x00001646      0x87f CMakeFiles/reader.elf.dir/Drivers/STM32F1xx_HAL_Driver/Src/stm32f1xx_hal_flash_ex.c.obj
 .debug_loc     0x00001ec5      0x47d CMakeFiles/reader.elf.dir/Drivers/STM32F1xx_HAL_Driver/Src/stm32f1xx_hal_gpio.c.obj
 .debug_loc     0x00002342      0x61d CMakeFiles/reader.elf.dir/Drivers/STM32F1xx_HAL_Driver/Src/stm32f1xx_hal_rcc.c.obj
 .debug_loc     0x0000295f     0x4856 CMakeFiles/reader.elf.dir/Drivers/STM32F1xx_HAL_Driver/Src/stm32f1xx_hal_tim.c.obj
 .debug_loc     0x000071b5     0x1a6e CMakeFiles/reader.elf.dir/Drivers/STM32F1xx_HAL_Driver/Src/stm32f1xx_hal_tim_ex.c.obj
 .debug_loc     0x00008c23     0x1951 CMakeFiles/reader.elf.dir/Drivers/STM32F1xx_HAL_Driver/Src/stm32f1xx_hal_uart.c.obj
 .debug_loc     0x0000a574      0x2b6 CMakeFiles/reader.elf.dir/card/card.c.obj
 .debug_loc     0x0000a82a       0x7a CMakeFiles/reader.elf.dir/flash/flash.c.obj
 .debug_loc     0x0000a8a4       0x93 CMakeFiles/reader.elf.dir/uart/usrt.c.obj
 .debug_loc     0x0000a937      0x8a4 CMakeFiles/reader.elf.dir/upper/upper.c.obj
