Archive member included to satisfy reference by file (symbol)

c:/progra~2/gnuarm~1/92020-~1/bin/../lib/gcc/arm-none-eabi/9.3.1/../../../../arm-none-eabi/lib/thumb/v7-m/nofp\libg.a(lib_a-errno.o)
                              CMakeFiles/reader.elf.dir/Core/Src/syscalls.c.obj (__errno)
c:/progra~2/gnuarm~1/92020-~1/bin/../lib/gcc/arm-none-eabi/9.3.1/../../../../arm-none-eabi/lib/thumb/v7-m/nofp\libg.a(lib_a-exit.o)
                              c:/progra~2/gnuarm~1/92020-~1/bin/../lib/gcc/arm-none-eabi/9.3.1/../../../../arm-none-eabi/lib/thumb/v7-m/nofp/crt0.o (exit)
c:/progra~2/gnuarm~1/92020-~1/bin/../lib/gcc/arm-none-eabi/9.3.1/../../../../arm-none-eabi/lib/thumb/v7-m/nofp\libg.a(lib_a-impure.o)
                              c:/progra~2/gnuarm~1/92020-~1/bin/../lib/gcc/arm-none-eabi/9.3.1/../../../../arm-none-eabi/lib/thumb/v7-m/nofp\libg.a(lib_a-exit.o) (_global_impure_ptr)
c:/progra~2/gnuarm~1/92020-~1/bin/../lib/gcc/arm-none-eabi/9.3.1/../../../../arm-none-eabi/lib/thumb/v7-m/nofp\libg.a(lib_a-init.o)
                              c:/progra~2/gnuarm~1/92020-~1/bin/../lib/gcc/arm-none-eabi/9.3.1/../../../../arm-none-eabi/lib/thumb/v7-m/nofp/crt0.o (__libc_init_array)
c:/progra~2/gnuarm~1/92020-~1/bin/../lib/gcc/arm-none-eabi/9.3.1/../../../../arm-none-eabi/lib/thumb/v7-m/nofp\libg.a(lib_a-memset.o)
                              c:/progra~2/gnuarm~1/92020-~1/bin/../lib/gcc/arm-none-eabi/9.3.1/../../../../arm-none-eabi/lib/thumb/v7-m/nofp/crt0.o (memset)
c:/progra~2/gnuarm~1/92020-~1/bin/../lib/gcc/arm-none-eabi/9.3.1/../../../../arm-none-eabi/lib/thumb/v7-m/nofp\libg.a(lib_a-__call_atexit.o)
                              c:/progra~2/gnuarm~1/92020-~1/bin/../lib/gcc/arm-none-eabi/9.3.1/../../../../arm-none-eabi/lib/thumb/v7-m/nofp\libg.a(lib_a-exit.o) (__call_exitprocs)
c:/progra~2/gnuarm~1/92020-~1/bin/../lib/gcc/arm-none-eabi/9.3.1/../../../../arm-none-eabi/lib/thumb/v7-m/nofp\libg.a(lib_a-atexit.o)
                              c:/progra~2/gnuarm~1/92020-~1/bin/../lib/gcc/arm-none-eabi/9.3.1/../../../../arm-none-eabi/lib/thumb/v7-m/nofp\libg.a(lib_a-__call_atexit.o) (atexit)
c:/progra~2/gnuarm~1/92020-~1/bin/../lib/gcc/arm-none-eabi/9.3.1/../../../../arm-none-eabi/lib/thumb/v7-m/nofp\libg.a(lib_a-fini.o)
                              c:/progra~2/gnuarm~1/92020-~1/bin/../lib/gcc/arm-none-eabi/9.3.1/../../../../arm-none-eabi/lib/thumb/v7-m/nofp\libg.a(lib_a-__call_atexit.o) (__libc_fini_array)
c:/progra~2/gnuarm~1/92020-~1/bin/../lib/gcc/arm-none-eabi/9.3.1/../../../../arm-none-eabi/lib/thumb/v7-m/nofp\libg.a(lib_a-lock.o)
                              c:/progra~2/gnuarm~1/92020-~1/bin/../lib/gcc/arm-none-eabi/9.3.1/../../../../arm-none-eabi/lib/thumb/v7-m/nofp\libg.a(lib_a-__call_atexit.o) (__retarget_lock_acquire_recursive)
c:/progra~2/gnuarm~1/92020-~1/bin/../lib/gcc/arm-none-eabi/9.3.1/../../../../arm-none-eabi/lib/thumb/v7-m/nofp\libg.a(lib_a-__atexit.o)
                              c:/progra~2/gnuarm~1/92020-~1/bin/../lib/gcc/arm-none-eabi/9.3.1/../../../../arm-none-eabi/lib/thumb/v7-m/nofp\libg.a(lib_a-atexit.o) (__register_exitproc)

Allocating common symbols
Common symbol       size              file

__lock___atexit_recursive_mutex
                    0x1               c:/progra~2/gnuarm~1/92020-~1/bin/../lib/gcc/arm-none-eabi/9.3.1/../../../../arm-none-eabi/lib/thumb/v7-m/nofp\libg.a(lib_a-lock.o)
__lock___arc4random_mutex
                    0x1               c:/progra~2/gnuarm~1/92020-~1/bin/../lib/gcc/arm-none-eabi/9.3.1/../../../../arm-none-eabi/lib/thumb/v7-m/nofp\libg.a(lib_a-lock.o)
__lock___env_recursive_mutex
                    0x1               c:/progra~2/gnuarm~1/92020-~1/bin/../lib/gcc/arm-none-eabi/9.3.1/../../../../arm-none-eabi/lib/thumb/v7-m/nofp\libg.a(lib_a-lock.o)
__lock___sinit_recursive_mutex
                    0x1               c:/progra~2/gnuarm~1/92020-~1/bin/../lib/gcc/arm-none-eabi/9.3.1/../../../../arm-none-eabi/lib/thumb/v7-m/nofp\libg.a(lib_a-lock.o)
__lock___malloc_recursive_mutex
                    0x1               c:/progra~2/gnuarm~1/92020-~1/bin/../lib/gcc/arm-none-eabi/9.3.1/../../../../arm-none-eabi/lib/thumb/v7-m/nofp\libg.a(lib_a-lock.o)
__lock___at_quick_exit_mutex
                    0x1               c:/progra~2/gnuarm~1/92020-~1/bin/../lib/gcc/arm-none-eabi/9.3.1/../../../../arm-none-eabi/lib/thumb/v7-m/nofp\libg.a(lib_a-lock.o)
__lock___dd_hash_mutex
                    0x1               c:/progra~2/gnuarm~1/92020-~1/bin/../lib/gcc/arm-none-eabi/9.3.1/../../../../arm-none-eabi/lib/thumb/v7-m/nofp\libg.a(lib_a-lock.o)
__lock___tz_mutex   0x1               c:/progra~2/gnuarm~1/92020-~1/bin/../lib/gcc/arm-none-eabi/9.3.1/../../../../arm-none-eabi/lib/thumb/v7-m/nofp\libg.a(lib_a-lock.o)
__lock___sfp_recursive_mutex
                    0x1               c:/progra~2/gnuarm~1/92020-~1/bin/../lib/gcc/arm-none-eabi/9.3.1/../../../../arm-none-eabi/lib/thumb/v7-m/nofp\libg.a(lib_a-lock.o)

Discarded input sections

[...]
Memory Configuration

Name             Origin             Length             Attributes
RAM              0x20000000         0x00005000         xrw
FLASH            0x08000000         0x00010000         xr
*default*        0x00000000         0xffffffff

Linker script and memory map

LOAD c:/progra~2/gnuarm~1/92020-~1/bin/../lib/gcc/arm-none-eabi/9.3.1/thumb/v7-m/nofp/crti.o
LOAD c:/progra~2/gnuarm~1/92020-~1/bin/../lib/gcc/arm-none-eabi/9.3.1/thumb/v7-m/nofp/crtbegin.o
LOAD c:/progra~2/gnuarm~1/92020-~1/bin/../lib/gcc/arm-none-eabi/9.3.1/../../../../arm-none-eabi/lib/thumb/v7-m/nofp/crt0.o
LOAD CMakeFiles/reader.elf.dir/Core/Src/gpio.c.obj
LOAD CMakeFiles/reader.elf.dir/Core/Src/main.c.obj
LOAD CMakeFiles/reader.elf.dir/Core/Src/stm32f1xx_hal_msp.c.obj
LOAD CMakeFiles/reader.elf.dir/Core/Src/stm32f1xx_it.c.obj
LOAD CMakeFiles/reader.elf.dir/Core/Src/syscalls.c.obj
LOAD CMakeFiles/reader.elf.dir/Core/Src/system_stm32f1xx.c.obj
LOAD CMakeFiles/reader.elf.dir/Core/Src/tim.c.obj
LOAD CMakeFiles/reader.elf.dir/Core/Src/usart.c.obj
LOAD CMakeFiles/reader.elf.dir/Drivers/STM32F1xx_HAL_Driver/Src/stm32f1xx_hal.c.obj
LOAD CMakeFiles/reader.elf.dir/Drivers/STM32F1xx_HAL_Driver/Src/stm32f1xx_hal_cortex.c.obj
LOAD CMakeFiles/reader.elf.dir/Drivers/STM32F1xx_HAL_Driver/Src/stm32f1xx_hal_dma.c.obj
LOAD CMakeFiles/reader.elf.dir/Drivers/STM32F1xx_HAL_Driver/Src/stm32f1xx_hal_exti.c.obj
LOAD CMakeFiles/reader.elf.dir/Drivers/STM32F1xx_HAL_Driver/Src/stm32f1xx_hal_flash.c.obj
LOAD CMakeFiles/reader.elf.dir/Drivers/STM32F1xx_HAL_Driver/Src/stm32f1xx_hal_flash_ex.c.obj
LOAD CMakeFiles/reader.elf.dir/Drivers/STM32F1xx_HAL_Driver/Src/stm32f1xx_hal_gpio.c.obj
LOAD CMakeFiles/reader.elf.dir/Drivers/STM32F1xx_HAL_Driver/Src/stm32f1xx_hal_gpio_ex.c.obj
LOAD CMakeFiles/reader.elf.dir/Drivers/STM32F1xx_HAL_Driver/Src/stm32f1xx_hal_pwr.c.obj
LOAD CMakeFiles/reader.elf.dir/Drivers/STM32F1xx_HAL_Driver/Src/stm32f1xx_hal_rcc.c.obj
LOAD CMakeFiles/reader.elf.dir/Drivers/STM32F1xx_HAL_Driver/Src/stm32f1xx_hal_rcc_ex.c.obj
LOAD CMakeFiles/reader.elf.dir/Drivers/STM32F1xx_HAL_Driver/Src/stm32f1xx_hal_tim.c.obj
LOAD CMakeFiles/reader.elf.dir/Drivers/STM32F1xx_HAL_Driver/Src/stm32f1xx_hal_tim_ex.c.obj
LOAD CMakeFiles/reader.elf.dir/Drivers/STM32F1xx_HAL_Driver/Src/stm32f1xx_hal_uart.c.obj
LOAD CMakeFiles/reader.elf.dir/card/card.c.obj
LOAD CMakeFiles/reader.elf.dir/flash/flash.c.obj
LOAD CMakeFiles/reader.elf.dir/mode/mode.c.obj
LOAD CMakeFiles/reader.elf.dir/startup/startup_stm32f103xb.s.obj
LOAD CMakeFiles/reader.elf.dir/uart/usrt.c.obj
LOAD CMakeFiles/reader.elf.dir/upper/upper.c.obj
START GROUP
LOAD c:/progra~2/gnuarm~1/92020-~1/bin/../lib/gcc/arm-none-eabi/9.3.1/thumb/v7-m/nofp\libgcc.a
LOAD c:/progra~2/gnuarm~1/92020-~1/bin/../lib/gcc/arm-none-eabi/9.3.1/../../../../arm-none-eabi/lib/thumb/v7-m/nofp\libg.a
LOAD c:/progra~2/gnuarm~1/92020-~1/bin/../lib/gcc/arm-none-eabi/9.3.1/../../../../arm-none-eabi/lib/thumb/v7-m/nofp\libc.a
END GROUP
LOAD c:/progra~2/gnuarm~1/92020-~1/bin/../lib/gcc/arm-none-eabi/9.3.1/thumb/v7-m/nofp/crtend.o
LOAD c:/progra~2/gnuarm~1/92020-~1/bin/../lib/gcc/arm-none-eabi/9.3.1/thumb/v7-m/nofp/crtn.o
                0x20005000                _estack = 0x20005000
                0x00000200                _Min_Heap_Size = 0x200
                0x00000400                _Min_Stack_Size = 0x400

.isr_vector     0x08000000      0x10c
                0x08000000                . = ALIGN (0x4)
 *(.isr_vector)
 .isr_vector    0x08000000      0x10c CMakeFiles/reader.elf.dir/startup/startup_stm32f103xb.s.obj
                0x08000000                g_pfnVectors
                0x0800010c                . = ALIGN (0x4)

.text           0x0800010c     0x2d58
                0x0800010c                . = ALIGN (0x4)
 *(.text)
 .text          0x0800010c       0x40 c:/progra~2/gnuarm~1/92020-~1/bin/../lib/gcc/arm-none-eabi/9.3.1/thumb/v7-m/nofp/crtbegin.o
 *(.text*)
 .text.MX_GPIO_Init
                0x0800014c       0x88 CMakeFiles/reader.elf.dir/Core/Src/gpio.c.obj
                0x0800014c                MX_GPIO_Init
 .text.SystemClock_Config
                0x080001d4       0x52 CMakeFiles/reader.elf.dir/Core/Src/main.c.obj
                0x080001d4                SystemClock_Config
 *fill*         0x08000226        0x2 
 .text.main     0x08000228      0x1e0 CMakeFiles/reader.elf.dir/Core/Src/main.c.obj
                0x08000228                main
 .text.HAL_TIM_PeriodElapsedCallback
                0x08000408       0xb0 CMakeFiles/reader.elf.dir/Core/Src/main.c.obj
                0x08000408                HAL_TIM_PeriodElapsedCallback
 .text.Error_Handler
                0x080004b8        0x2 CMakeFiles/reader.elf.dir/Core/Src/main.c.obj
                0x080004b8                Error_Handler
 *fill*         0x080004ba        0x2 
 .text.HAL_MspInit
                0x080004bc       0x44 CMakeFiles/reader.elf.dir/Core/Src/stm32f1xx_hal_msp.c.obj
                0x080004bc                HAL_MspInit
 .text.NMI_Handler
                0x08000500        0x2 CMakeFiles/reader.elf.dir/Core/Src/stm32f1xx_it.c.obj
                0x08000500                NMI_Handler
 .text.HardFault_Handler
                0x08000502        0x2 CMakeFiles/reader.elf.dir/Core/Src/stm32f1xx_it.c.obj
                0x08000502                HardFault_Handler
 .text.MemManage_Handler
                0x08000504        0x2 CMakeFiles/reader.elf.dir/Core/Src/stm32f1xx_it.c.obj
                0x08000504                MemManage_Handler
 .text.BusFault_Handler
                0x08000506        0x2 CMakeFiles/reader.elf.dir/Core/Src/stm32f1xx_it.c.obj
                0x08000506                BusFault_Handler
 .text.UsageFault_Handler
                0x08000508        0x2 CMakeFiles/reader.elf.dir/Core/Src/stm32f1xx_it.c.obj
                0x08000508                UsageFault_Handler
 .text.SVC_Handler
                0x0800050a        0x2 CMakeFiles/reader.elf.dir/Core/Src/stm32f1xx_it.c.obj
                0x0800050a                SVC_Handler
 .text.DebugMon_Handler
                0x0800050c        0x2 CMakeFiles/reader.elf.dir/Core/Src/stm32f1xx_it.c.obj
                0x0800050c                DebugMon_Handler
 .text.PendSV_Handler
                0x0800050e        0x2 CMakeFiles/reader.elf.dir/Core/Src/stm32f1xx_it.c.obj
                0x0800050e                PendSV_Handler
 .text.SysTick_Handler
                0x08000510        0x8 CMakeFiles/reader.elf.dir/Core/Src/stm32f1xx_it.c.obj
                0x08000510                SysTick_Handler
 .text.TIM1_UP_IRQHandler
                0x08000518       0x10 CMakeFiles/reader.elf.dir/Core/Src/stm32f1xx_it.c.obj
                0x08000518                TIM1_UP_IRQHandler
 .text.USART1_IRQHandler
                0x08000528       0x10 CMakeFiles/reader.elf.dir/Core/Src/stm32f1xx_it.c.obj
                0x08000528                USART1_IRQHandler
 .text.USART2_IRQHandler
                0x08000538       0x10 CMakeFiles/reader.elf.dir/Core/Src/stm32f1xx_it.c.obj
                0x08000538                USART2_IRQHandler
 .text.SystemInit
                0x08000548        0x2 CMakeFiles/reader.elf.dir/Core/Src/system_stm32f1xx.c.obj
                0x08000548                SystemInit
 *fill*         0x0800054a        0x2 
 .text.MX_TIM1_Init
                0x0800054c       0x74 CMakeFiles/reader.elf.dir/Core/Src/tim.c.obj
                0x0800054c                MX_TIM1_Init
 .text.HAL_TIM_Base_MspInit
                0x080005c0       0x40 CMakeFiles/reader.elf.dir/Core/Src/tim.c.obj
                0x080005c0                HAL_TIM_Base_MspInit
 .text.MX_USART1_UART_Init
                0x08000600       0x34 CMakeFiles/reader.elf.dir/Core/Src/usart.c.obj
                0x08000600                MX_USART1_UART_Init
 .text.MX_USART2_UART_Init
                0x08000634       0x34 CMakeFiles/reader.elf.dir/Core/Src/usart.c.obj
                0x08000634                MX_USART2_UART_Init
 .text.HAL_UART_MspInit
                0x08000668       0xf8 CMakeFiles/reader.elf.dir/Core/Src/usart.c.obj
                0x08000668                HAL_UART_MspInit
 .text.HAL_InitTick
                0x08000760       0x4c CMakeFiles/reader.elf.dir/Drivers/STM32F1xx_HAL_Driver/Src/stm32f1xx_hal.c.obj
                0x08000760                HAL_InitTick
 .text.HAL_Init
                0x080007ac       0x24 CMakeFiles/reader.elf.dir/Drivers/STM32F1xx_HAL_Driver/Src/stm32f1xx_hal.c.obj
                0x080007ac                HAL_Init
 .text.HAL_IncTick
                0x080007d0       0x18 CMakeFiles/reader.elf.dir/Drivers/STM32F1xx_HAL_Driver/Src/stm32f1xx_hal.c.obj
                0x080007d0                HAL_IncTick
 .text.HAL_GetTick
                0x080007e8        0xc CMakeFiles/reader.elf.dir/Drivers/STM32F1xx_HAL_Driver/Src/stm32f1xx_hal.c.obj
                0x080007e8                HAL_GetTick
 .text.HAL_Delay
                0x080007f4       0x28 CMakeFiles/reader.elf.dir/Drivers/STM32F1xx_HAL_Driver/Src/stm32f1xx_hal.c.obj
                0x080007f4                HAL_Delay
 .text.HAL_NVIC_SetPriorityGrouping
                0x0800081c       0x24 CMakeFiles/reader.elf.dir/Drivers/STM32F1xx_HAL_Driver/Src/stm32f1xx_hal_cortex.c.obj
                0x0800081c                HAL_NVIC_SetPriorityGrouping
 .text.HAL_NVIC_SetPriority
                0x08000840       0x68 CMakeFiles/reader.elf.dir/Drivers/STM32F1xx_HAL_Driver/Src/stm32f1xx_hal_cortex.c.obj
                0x08000840                HAL_NVIC_SetPriority
 .text.HAL_NVIC_EnableIRQ
                0x080008a8       0x1c CMakeFiles/reader.elf.dir/Drivers/STM32F1xx_HAL_Driver/Src/stm32f1xx_hal_cortex.c.obj
                0x080008a8                HAL_NVIC_EnableIRQ
 .text.HAL_SYSTICK_Config
                0x080008c4       0x2c CMakeFiles/reader.elf.dir/Drivers/STM32F1xx_HAL_Driver/Src/stm32f1xx_hal_cortex.c.obj
                0x080008c4                HAL_SYSTICK_Config
 .text.HAL_DMA_Abort_IT
                0x080008f0       0x98 CMakeFiles/reader.elf.dir/Drivers/STM32F1xx_HAL_Driver/Src/stm32f1xx_hal_dma.c.obj
                0x080008f0                HAL_DMA_Abort_IT
 .text.FLASH_Program_HalfWord
                0x08000988       0x1c CMakeFiles/reader.elf.dir/Drivers/STM32F1xx_HAL_Driver/Src/stm32f1xx_hal_flash.c.obj
 .text.FLASH_SetErrorCode
                0x080009a4       0x70 CMakeFiles/reader.elf.dir/Drivers/STM32F1xx_HAL_Driver/Src/stm32f1xx_hal_flash.c.obj
 .text.HAL_FLASH_Unlock
                0x08000a14       0x34 CMakeFiles/reader.elf.dir/Drivers/STM32F1xx_HAL_Driver/Src/stm32f1xx_hal_flash.c.obj
                0x08000a14                HAL_FLASH_Unlock
 .text.HAL_FLASH_Lock
                0x08000a48       0x14 CMakeFiles/reader.elf.dir/Drivers/STM32F1xx_HAL_Driver/Src/stm32f1xx_hal_flash.c.obj
                0x08000a48                HAL_FLASH_Lock
 .text.FLASH_WaitForLastOperation
                0x08000a5c       0x68 CMakeFiles/reader.elf.dir/Drivers/STM32F1xx_HAL_Driver/Src/stm32f1xx_hal_flash.c.obj
                0x08000a5c                FLASH_WaitForLastOperation
 .text.HAL_FLASH_Program
                0x08000ac4       0x9c CMakeFiles/reader.elf.dir/Drivers/STM32F1xx_HAL_Driver/Src/stm32f1xx_hal_flash.c.obj
                0x08000ac4                HAL_FLASH_Program
 .text.FLASH_MassErase
                0x08000b60       0x24 CMakeFiles/reader.elf.dir/Drivers/STM32F1xx_HAL_Driver/Src/stm32f1xx_hal_flash_ex.c.obj
 .text.FLASH_PageErase
                0x08000b84       0x24 CMakeFiles/reader.elf.dir/Drivers/STM32F1xx_HAL_Driver/Src/stm32f1xx_hal_flash_ex.c.obj
                0x08000b84                FLASH_PageErase
 .text.HAL_FLASHEx_Erase
                0x08000ba8       0xa4 CMakeFiles/reader.elf.dir/Drivers/STM32F1xx_HAL_Driver/Src/stm32f1xx_hal_flash_ex.c.obj
                0x08000ba8                HAL_FLASHEx_Erase
 .text.HAL_GPIO_Init
                0x08000c4c      0x220 CMakeFiles/reader.elf.dir/Drivers/STM32F1xx_HAL_Driver/Src/stm32f1xx_hal_gpio.c.obj
                0x08000c4c                HAL_GPIO_Init
 .text.HAL_GPIO_ReadPin
                0x08000e6c        0xe CMakeFiles/reader.elf.dir/Drivers/STM32F1xx_HAL_Driver/Src/stm32f1xx_hal_gpio.c.obj
                0x08000e6c                HAL_GPIO_ReadPin
 .text.HAL_GPIO_WritePin
                0x08000e7a        0xc CMakeFiles/reader.elf.dir/Drivers/STM32F1xx_HAL_Driver/Src/stm32f1xx_hal_gpio.c.obj
                0x08000e7a                HAL_GPIO_WritePin
 *fill*         0x08000e86        0x2 
 .text.RCC_Delay
                0x08000e88       0x2c CMakeFiles/reader.elf.dir/Drivers/STM32F1xx_HAL_Driver/Src/stm32f1xx_hal_rcc.c.obj
 .text.HAL_RCC_OscConfig
                0x08000eb4      0x410 CMakeFiles/reader.elf.dir/Drivers/STM32F1xx_HAL_Driver/Src/stm32f1xx_hal_rcc.c.obj
                0x08000eb4                HAL_RCC_OscConfig
 .text.HAL_RCC_GetSysClockFreq
                0x080012c4       0x78 CMakeFiles/reader.elf.dir/Drivers/STM32F1xx_HAL_Driver/Src/stm32f1xx_hal_rcc.c.obj
                0x080012c4                HAL_RCC_GetSysClockFreq
 .text.HAL_RCC_ClockConfig
                0x0800133c      0x16c CMakeFiles/reader.elf.dir/Drivers/STM32F1xx_HAL_Driver/Src/stm32f1xx_hal_rcc.c.obj
                0x0800133c                HAL_RCC_ClockConfig
 .text.HAL_RCC_GetHCLKFreq
                0x080014a8        0xc CMakeFiles/reader.elf.dir/Drivers/STM32F1xx_HAL_Driver/Src/stm32f1xx_hal_rcc.c.obj
                0x080014a8                HAL_RCC_GetHCLKFreq
 .text.HAL_RCC_GetPCLK1Freq
                0x080014b4       0x20 CMakeFiles/reader.elf.dir/Drivers/STM32F1xx_HAL_Driver/Src/stm32f1xx_hal_rcc.c.obj
                0x080014b4                HAL_RCC_GetPCLK1Freq
 .text.HAL_RCC_GetPCLK2Freq
                0x080014d4       0x20 CMakeFiles/reader.elf.dir/Drivers/STM32F1xx_HAL_Driver/Src/stm32f1xx_hal_rcc.c.obj
                0x080014d4                HAL_RCC_GetPCLK2Freq
 .text.TIM_TI1_ConfigInputStage
                0x080014f4       0x24 CMakeFiles/reader.elf.dir/Drivers/STM32F1xx_HAL_Driver/Src/stm32f1xx_hal_tim.c.obj
 .text.TIM_TI2_ConfigInputStage
                0x08001518       0x26 CMakeFiles/reader.elf.dir/Drivers/STM32F1xx_HAL_Driver/Src/stm32f1xx_hal_tim.c.obj
 .text.TIM_ITRx_SetConfig
                0x0800153e       0x10 CMakeFiles/reader.elf.dir/Drivers/STM32F1xx_HAL_Driver/Src/stm32f1xx_hal_tim.c.obj
 *fill*         0x0800154e        0x2 
 .text.HAL_TIM_Base_Start_IT
                0x08001550       0x68 CMakeFiles/reader.elf.dir/Drivers/STM32F1xx_HAL_Driver/Src/stm32f1xx_hal_tim.c.obj
                0x08001550                HAL_TIM_Base_Start_IT
 .text.HAL_TIM_OC_DelayElapsedCallback
                0x080015b8        0x2 CMakeFiles/reader.elf.dir/Drivers/STM32F1xx_HAL_Driver/Src/stm32f1xx_hal_tim.c.obj
                0x080015b8                HAL_TIM_OC_DelayElapsedCallback
 .text.HAL_TIM_IC_CaptureCallback
                0x080015ba        0x2 CMakeFiles/reader.elf.dir/Drivers/STM32F1xx_HAL_Driver/Src/stm32f1xx_hal_tim.c.obj
                0x080015ba                HAL_TIM_IC_CaptureCallback
 .text.HAL_TIM_PWM_PulseFinishedCallback
                0x080015bc        0x2 CMakeFiles/reader.elf.dir/Drivers/STM32F1xx_HAL_Driver/Src/stm32f1xx_hal_tim.c.obj
                0x080015bc                HAL_TIM_PWM_PulseFinishedCallback
 .text.HAL_TIM_TriggerCallback
                0x080015be        0x2 CMakeFiles/reader.elf.dir/Drivers/STM32F1xx_HAL_Driver/Src/stm32f1xx_hal_tim.c.obj
                0x080015be                HAL_TIM_TriggerCallback
 .text.HAL_TIM_IRQHandler
                0x080015c0      0x17a CMakeFiles/reader.elf.dir/Drivers/STM32F1xx_HAL_Driver/Src/stm32f1xx_hal_tim.c.obj
                0x080015c0                HAL_TIM_IRQHandler
 *fill*         0x0800173a        0x2 
 .text.TIM_Base_SetConfig
                0x0800173c       0x74 CMakeFiles/reader.elf.dir/Drivers/STM32F1xx_HAL_Driver/Src/stm32f1xx_hal_tim.c.obj
                0x0800173c                TIM_Base_SetConfig
 .text.HAL_TIM_Base_Init
                0x080017b0       0x58 CMakeFiles/reader.elf.dir/Drivers/STM32F1xx_HAL_Driver/Src/stm32f1xx_hal_tim.c.obj
                0x080017b0                HAL_TIM_Base_Init
 .text.TIM_ETR_SetConfig
                0x08001808       0x16 CMakeFiles/reader.elf.dir/Drivers/STM32F1xx_HAL_Driver/Src/stm32f1xx_hal_tim.c.obj
                0x08001808                TIM_ETR_SetConfig
 .text.HAL_TIM_ConfigClockSource
                0x0800181e       0xda CMakeFiles/reader.elf.dir/Drivers/STM32F1xx_HAL_Driver/Src/stm32f1xx_hal_tim.c.obj
                0x0800181e                HAL_TIM_ConfigClockSource
 .text.HAL_TIMEx_MasterConfigSynchronization
                0x080018f8       0x68 CMakeFiles/reader.elf.dir/Drivers/STM32F1xx_HAL_Driver/Src/stm32f1xx_hal_tim_ex.c.obj
                0x080018f8                HAL_TIMEx_MasterConfigSynchronization
 .text.HAL_TIMEx_CommutCallback
                0x08001960        0x2 CMakeFiles/reader.elf.dir/Drivers/STM32F1xx_HAL_Driver/Src/stm32f1xx_hal_tim_ex.c.obj
                0x08001960                HAL_TIMEx_CommutCallback
 .text.HAL_TIMEx_BreakCallback
                0x08001962        0x2 CMakeFiles/reader.elf.dir/Drivers/STM32F1xx_HAL_Driver/Src/stm32f1xx_hal_tim_ex.c.obj
                0x08001962                HAL_TIMEx_BreakCallback
 .text.UART_EndRxTransfer
                0x08001964       0x1c CMakeFiles/reader.elf.dir/Drivers/STM32F1xx_HAL_Driver/Src/stm32f1xx_hal_uart.c.obj
 .text.UART_Transmit_IT
                0x08001980       0x60 CMakeFiles/reader.elf.dir/Drivers/STM32F1xx_HAL_Driver/Src/stm32f1xx_hal_uart.c.obj
 .text.UART_SetConfig
                0x080019e0       0x90 CMakeFiles/reader.elf.dir/Drivers/STM32F1xx_HAL_Driver/Src/stm32f1xx_hal_uart.c.obj
 .text.HAL_UART_Init
                0x08001a70       0x5e CMakeFiles/reader.elf.dir/Drivers/STM32F1xx_HAL_Driver/Src/stm32f1xx_hal_uart.c.obj
                0x08001a70                HAL_UART_Init
 .text.HAL_UART_Receive_IT
                0x08001ace       0x5c CMakeFiles/reader.elf.dir/Drivers/STM32F1xx_HAL_Driver/Src/stm32f1xx_hal_uart.c.obj
                0x08001ace                HAL_UART_Receive_IT
 .text.HAL_UART_TxCpltCallback
                0x08001b2a        0x2 CMakeFiles/reader.elf.dir/Drivers/STM32F1xx_HAL_Driver/Src/stm32f1xx_hal_uart.c.obj
                0x08001b2a                HAL_UART_TxCpltCallback
 .text.UART_EndTransmit_IT
                0x08001b2c       0x1a CMakeFiles/reader.elf.dir/Drivers/STM32F1xx_HAL_Driver/Src/stm32f1xx_hal_uart.c.obj
 .text.UART_Receive_IT
                0x08001b46       0x94 CMakeFiles/reader.elf.dir/Drivers/STM32F1xx_HAL_Driver/Src/stm32f1xx_hal_uart.c.obj
 .text.HAL_UART_ErrorCallback
                0x08001bda        0x2 CMakeFiles/reader.elf.dir/Drivers/STM32F1xx_HAL_Driver/Src/stm32f1xx_hal_uart.c.obj
                0x08001bda                HAL_UART_ErrorCallback
 .text.HAL_UART_IRQHandler
                0x08001bdc      0x128 CMakeFiles/reader.elf.dir/Drivers/STM32F1xx_HAL_Driver/Src/stm32f1xx_hal_uart.c.obj
                0x08001bdc                HAL_UART_IRQHandler
 .text.UART_DMAAbortOnError
                0x08001d04       0x10 CMakeFiles/reader.elf.dir/Drivers/STM32F1xx_HAL_Driver/Src/stm32f1xx_hal_uart.c.obj
 .text.CheckSum
                0x08001d14       0x20 CMakeFiles/reader.elf.dir/card/card.c.obj
                0x08001d14                CheckSum
 .text.SerialWrite
                0x08001d34       0x24 CMakeFiles/reader.elf.dir/card/card.c.obj
                0x08001d34                SerialWrite
 .text.ID_Read  0x08001d58       0x4a CMakeFiles/reader.elf.dir/card/card.c.obj
                0x08001d58                ID_Read
 *fill*         0x08001da2        0x2 
 .text.TID_read1
                0x08001da4       0x88 CMakeFiles/reader.elf.dir/card/card.c.obj
                0x08001da4                TID_read1
 .text.TID_read2
                0x08001e2c       0x66 CMakeFiles/reader.elf.dir/card/card.c.obj
                0x08001e2c                TID_read2
 *fill*         0x08001e92        0x2 
 .text.TID_write1
                0x08001e94       0x88 CMakeFiles/reader.elf.dir/card/card.c.obj
                0x08001e94                TID_write1
 .text.TID_write2
                0x08001f1c       0x6a CMakeFiles/reader.elf.dir/card/card.c.obj
                0x08001f1c                TID_write2
 *fill*         0x08001f86        0x2 
 .text.TID_write3
                0x08001f88       0x8c CMakeFiles/reader.elf.dir/card/card.c.obj
                0x08001f88                TID_write3
 .text.FLASH_EEPROM_Write
                0x08002014       0x3c CMakeFiles/reader.elf.dir/flash/flash.c.obj
                0x08002014                FLASH_EEPROM_Write
 .text.FLASH_EEPROM_Read
                0x08002050       0x10 CMakeFiles/reader.elf.dir/flash/flash.c.obj
                0x08002050                FLASH_EEPROM_Read
 .text.mode_check
                0x08002060       0x28 CMakeFiles/reader.elf.dir/mode/mode.c.obj
                0x08002060                mode_check
 .text.Reset_Handler
                0x08002088       0x48 CMakeFiles/reader.elf.dir/startup/startup_stm32f103xb.s.obj
                0x08002088                Reset_Handler
 .text.Default_Handler
                0x080020d0        0x2 CMakeFiles/reader.elf.dir/startup/startup_stm32f103xb.s.obj
                0x080020d0                RTC_Alarm_IRQHandler
                0x080020d0                EXTI2_IRQHandler
                0x080020d0                TIM1_CC_IRQHandler
                0x080020d0                PVD_IRQHandler
                0x080020d0                EXTI3_IRQHandler
                0x080020d0                EXTI0_IRQHandler
                0x080020d0                I2C2_EV_IRQHandler
                0x080020d0                ADC1_2_IRQHandler
                0x080020d0                SPI1_IRQHandler
                0x080020d0                TAMPER_IRQHandler
                0x080020d0                DMA1_Channel4_IRQHandler
                0x080020d0                USART3_IRQHandler
                0x080020d0                RTC_IRQHandler
                0x080020d0                DMA1_Channel7_IRQHandler
                0x080020d0                CAN1_RX1_IRQHandler
                0x080020d0                TIM4_IRQHandler
                0x080020d0                I2C1_EV_IRQHandler
                0x080020d0                DMA1_Channel6_IRQHandler
                0x080020d0                TIM3_IRQHandler
                0x080020d0                RCC_IRQHandler
                0x080020d0                TIM1_TRG_COM_IRQHandler
                0x080020d0                DMA1_Channel1_IRQHandler
                0x080020d0                Default_Handler
                0x080020d0                EXTI15_10_IRQHandler
                0x080020d0                EXTI9_5_IRQHandler
                0x080020d0                SPI2_IRQHandler
                0x080020d0                DMA1_Channel5_IRQHandler
                0x080020d0                EXTI4_IRQHandler
                0x080020d0                USB_LP_CAN1_RX0_IRQHandler
                0x080020d0                USB_HP_CAN1_TX_IRQHandler
                0x080020d0                DMA1_Channel3_IRQHandler
                0x080020d0                WWDG_IRQHandler
                0x080020d0                TIM2_IRQHandler
                0x080020d0                TIM1_BRK_IRQHandler
                0x080020d0                EXTI1_IRQHandler
                0x080020d0                I2C2_ER_IRQHandler
                0x080020d0                DMA1_Channel2_IRQHandler
                0x080020d0                CAN1_SCE_IRQHandler
                0x080020d0                FLASH_IRQHandler
                0x080020d0                I2C1_ER_IRQHandler
                0x080020d0                USBWakeUp_IRQHandler
 *fill*         0x080020d2        0x2 
 .text.EPC_sum_check
                0x080020d4       0x30 CMakeFiles/reader.elf.dir/uart/usrt.c.obj
                0x080020d4                EPC_sum_check
 .text.HAL_UART_RxCpltCallback
                0x08002104      0x39c CMakeFiles/reader.elf.dir/uart/usrt.c.obj
                0x08002104                HAL_UART_RxCpltCallback
 .text.CheckSum_1
                0x080024a0       0x1e CMakeFiles/reader.elf.dir/upper/upper.c.obj
                0x080024a0                CheckSum_1
 .text.uiCrc16Cal
                0x080024be       0x3a CMakeFiles/reader.elf.dir/upper/upper.c.obj
                0x080024be                uiCrc16Cal
 .text.UpperWrite
                0x080024f8       0x24 CMakeFiles/reader.elf.dir/upper/upper.c.obj
                0x080024f8                UpperWrite
 .text.upper_back_w
                0x0800251c       0x84 CMakeFiles/reader.elf.dir/upper/upper.c.obj
                0x0800251c                upper_back_w
 .text.upper_back
                0x080025a0      0x730 CMakeFiles/reader.elf.dir/upper/upper.c.obj
                0x080025a0                upper_back
 .text.upper_get
                0x08002cd0       0x54 CMakeFiles/reader.elf.dir/upper/upper.c.obj
                0x08002cd0                upper_get
 .text.__libc_init_array
                0x08002d24       0x48 c:/progra~2/gnuarm~1/92020-~1/bin/../lib/gcc/arm-none-eabi/9.3.1/../../../../arm-none-eabi/lib/thumb/v7-m/nofp\libg.a(lib_a-init.o)
                0x08002d24                __libc_init_array
 .text.startup.register_fini
                0x08002d6c       0x14 c:/progra~2/gnuarm~1/92020-~1/bin/../lib/gcc/arm-none-eabi/9.3.1/../../../../arm-none-eabi/lib/thumb/v7-m/nofp\libg.a(lib_a-__call_atexit.o)
 .text.atexit   0x08002d80        0xc c:/progra~2/gnuarm~1/92020-~1/bin/../lib/gcc/arm-none-eabi/9.3.1/../../../../arm-none-eabi/lib/thumb/v7-m/nofp\libg.a(lib_a-atexit.o)
                0x08002d80                atexit
 .text.__libc_fini_array
                0x08002d8c       0x2c c:/progra~2/gnuarm~1/92020-~1/bin/../lib/gcc/arm-none-eabi/9.3.1/../../../../arm-none-eabi/lib/thumb/v7-m/nofp\libg.a(lib_a-fini.o)
                0x08002d8c                __libc_fini_array
 .text.__retarget_lock_acquire_recursive
                0x08002db8        0x4 c:/progra~2/gnuarm~1/92020-~1/bin/../lib/gcc/arm-none-eabi/9.3.1/../../../../arm-none-eabi/lib/thumb/v7-m/nofp\libg.a(lib_a-lock.o)
                0x08002db8                __retarget_lock_acquire_recursive
 .text.__retarget_lock_release_recursive
                0x08002dbc        0x4 c:/progra~2/gnuarm~1/92020-~1/bin/../lib/gcc/arm-none-eabi/9.3.1/../../../../arm-none-eabi/lib/thumb/v7-m/nofp\libg.a(lib_a-lock.o)
                0x08002dbc                __retarget_lock_release_recursive
 .text.__register_exitproc
                0x08002dc0       0x8c c:/progra~2/gnuarm~1/92020-~1/bin/../lib/gcc/arm-none-eabi/9.3.1/../../../../arm-none-eabi/lib/thumb/v7-m/nofp\libg.a(lib_a-__atexit.o)
                0x08002dc0                __register_exitproc
 *(.glue_7)
 .glue_7        0x08002e4c        0x0 linker stubs
 *(.glue_7t)
 .glue_7t       0x08002e4c        0x0 linker stubs
 *(.eh_frame)
 .eh_frame      0x08002e4c        0x0 c:/progra~2/gnuarm~1/92020-~1/bin/../lib/gcc/arm-none-eabi/9.3.1/thumb/v7-m/nofp/crtbegin.o
 *(.init)
 .init          0x08002e4c        0x4 c:/progra~2/gnuarm~1/92020-~1/bin/../lib/gcc/arm-none-eabi/9.3.1/thumb/v7-m/nofp/crti.o
                0x08002e4c                _init
 .init          0x08002e50        0x8 c:/progra~2/gnuarm~1/92020-~1/bin/../lib/gcc/arm-none-eabi/9.3.1/thumb/v7-m/nofp/crtn.o
 *(.fini)
 .fini          0x08002e58        0x4 c:/progra~2/gnuarm~1/92020-~1/bin/../lib/gcc/arm-none-eabi/9.3.1/thumb/v7-m/nofp/crti.o
                0x08002e58                _fini
 .fini          0x08002e5c        0x8 c:/progra~2/gnuarm~1/92020-~1/bin/../lib/gcc/arm-none-eabi/9.3.1/thumb/v7-m/nofp/crtn.o
                0x08002e64                . = ALIGN (0x4)
                0x08002e64                _etext = .

.vfp11_veneer   0x08002e64        0x0
 .vfp11_veneer  0x08002e64        0x0 linker stubs

.v4_bx          0x08002e64        0x0
 .v4_bx         0x08002e64        0x0 linker stubs

.iplt           0x08002e64        0x0
 .iplt          0x08002e64        0x0 c:/progra~2/gnuarm~1/92020-~1/bin/../lib/gcc/arm-none-eabi/9.3.1/thumb/v7-m/nofp/crtbegin.o

.rodata         0x08002e64       0x30
                0x08002e64                . = ALIGN (0x4)
 *(.rodata)
 *(.rodata*)
 .rodata.AHBPrescTable
                0x08002e64       0x10 CMakeFiles/reader.elf.dir/Core/Src/system_stm32f1xx.c.obj
                0x08002e64                AHBPrescTable
 .rodata.APBPrescTable
                0x08002e74        0x8 CMakeFiles/reader.elf.dir/Core/Src/system_stm32f1xx.c.obj
                0x08002e74                APBPrescTable
 .rodata.HAL_RCC_GetSysClockFreq.str1.4
                0x08002e7c       0x11 CMakeFiles/reader.elf.dir/Drivers/STM32F1xx_HAL_Driver/Src/stm32f1xx_hal_rcc.c.obj
 *fill*         0x08002e8d        0x3 
 .rodata._global_impure_ptr
                0x08002e90        0x4 c:/progra~2/gnuarm~1/92020-~1/bin/../lib/gcc/arm-none-eabi/9.3.1/../../../../arm-none-eabi/lib/thumb/v7-m/nofp\libg.a(lib_a-impure.o)
                0x08002e90                _global_impure_ptr
                0x08002e94                . = ALIGN (0x4)

.rel.dyn        0x08002e94        0x0
 .rel.iplt      0x08002e94        0x0 c:/progra~2/gnuarm~1/92020-~1/bin/../lib/gcc/arm-none-eabi/9.3.1/thumb/v7-m/nofp/crtbegin.o

.ARM.extab
 *(.ARM.extab* .gnu.linkonce.armextab.*)

.ARM            0x08002e94        0x0
                0x08002e94                __exidx_start = .
 *(.ARM.exidx*)
                0x08002e94                __exidx_end = .

.preinit_array  0x08002e94        0x0
                0x08002e94                PROVIDE (__preinit_array_start = .)
 *(.preinit_array*)
                0x08002e94                PROVIDE (__preinit_array_end = .)

.init_array     0x08002e94        0x8
                0x08002e94                PROVIDE (__init_array_start = .)
 *(SORT_BY_NAME(.init_array.*))
 .init_array.00000
                0x08002e94        0x4 c:/progra~2/gnuarm~1/92020-~1/bin/../lib/gcc/arm-none-eabi/9.3.1/../../../../arm-none-eabi/lib/thumb/v7-m/nofp\libg.a(lib_a-__call_atexit.o)
 *(.init_array*)
 .init_array    0x08002e98        0x4 c:/progra~2/gnuarm~1/92020-~1/bin/../lib/gcc/arm-none-eabi/9.3.1/thumb/v7-m/nofp/crtbegin.o
                0x08002e9c                PROVIDE (__init_array_end = .)

.fini_array     0x08002e9c        0x4
                0x08002e9c                PROVIDE (__fini_array_start = .)
 *(SORT_BY_NAME(.fini_array.*))
 *(.fini_array*)
 .fini_array    0x08002e9c        0x4 c:/progra~2/gnuarm~1/92020-~1/bin/../lib/gcc/arm-none-eabi/9.3.1/thumb/v7-m/nofp/crtbegin.o
                0x08002ea0                PROVIDE (__fini_array_end = .)
                0x08002ea0                _sidata = LOADADDR (.data)

.data           0x20000000      0x43c load address 0x08002ea0
                0x20000000                . = ALIGN (0x4)
                0x20000000                _sdata = .
 *(.data)
 *(.data*)
 .data.SystemCoreClock
                0x20000000        0x4 CMakeFiles/reader.elf.dir/Core/Src/system_stm32f1xx.c.obj
                0x20000000                SystemCoreClock
 .data.uwTickFreq
                0x20000004        0x1 CMakeFiles/reader.elf.dir/Drivers/STM32F1xx_HAL_Driver/Src/stm32f1xx_hal.c.obj
                0x20000004                uwTickFreq
 *fill*         0x20000005        0x3 
 .data.uwTickPrio
                0x20000008        0x4 CMakeFiles/reader.elf.dir/Drivers/STM32F1xx_HAL_Driver/Src/stm32f1xx_hal.c.obj
                0x20000008                uwTickPrio
 *fill*         0x2000000c        0x4 
 .data.impure_data
                0x20000010      0x428 c:/progra~2/gnuarm~1/92020-~1/bin/../lib/gcc/arm-none-eabi/9.3.1/../../../../arm-none-eabi/lib/thumb/v7-m/nofp\libg.a(lib_a-impure.o)
 .data.__atexit_recursive_mutex
                0x20000438        0x4 c:/progra~2/gnuarm~1/92020-~1/bin/../lib/gcc/arm-none-eabi/9.3.1/../../../../arm-none-eabi/lib/thumb/v7-m/nofp\libg.a(lib_a-__call_atexit.o)
                0x20000438                __atexit_recursive_mutex
                0x2000043c                . = ALIGN (0x4)
                0x2000043c                _edata = .

.igot.plt       0x2000043c        0x0 load address 0x080032dc
 .igot.plt      0x2000043c        0x0 c:/progra~2/gnuarm~1/92020-~1/bin/../lib/gcc/arm-none-eabi/9.3.1/thumb/v7-m/nofp/crtbegin.o
                0x2000043c                . = ALIGN (0x4)

.bss            0x20000440      0x5d0 load address 0x080032dc
                0x20000440                _sbss = .
                0x20000440                __bss_start__ = _sbss
 *(.bss)
 .bss           0x20000440       0x1c c:/progra~2/gnuarm~1/92020-~1/bin/../lib/gcc/arm-none-eabi/9.3.1/thumb/v7-m/nofp/crtbegin.o
 *(.bss*)
 .bss.key       0x2000045c        0x1 CMakeFiles/reader.elf.dir/Core/Src/main.c.obj
                0x2000045c                key
 .bss.star_rfid
                0x2000045d        0x1 CMakeFiles/reader.elf.dir/Core/Src/main.c.obj
                0x2000045d                star_rfid
 .bss.ti        0x2000045e        0x2 CMakeFiles/reader.elf.dir/Core/Src/main.c.obj
                0x2000045e                ti
 .bss.ticks     0x20000460        0x1 CMakeFiles/reader.elf.dir/Core/Src/main.c.obj
                0x20000460                ticks
 .bss.wireless  0x20000461        0x1 CMakeFiles/reader.elf.dir/Core/Src/main.c.obj
                0x20000461                wireless
 *fill*         0x20000462        0x2 
 .bss.htim1     0x20000464       0x48 CMakeFiles/reader.elf.dir/Core/Src/tim.c.obj
                0x20000464                htim1
 .bss.huart1    0x200004ac       0x40 CMakeFiles/reader.elf.dir/Core/Src/usart.c.obj
                0x200004ac                huart1
 .bss.huart2    0x200004ec       0x40 CMakeFiles/reader.elf.dir/Core/Src/usart.c.obj
                0x200004ec                huart2
 .bss.uwTick    0x2000052c        0x4 CMakeFiles/reader.elf.dir/Drivers/STM32F1xx_HAL_Driver/Src/stm32f1xx_hal.c.obj
                0x2000052c                uwTick
 .bss.pFlash    0x20000530       0x20 CMakeFiles/reader.elf.dir/Drivers/STM32F1xx_HAL_Driver/Src/stm32f1xx_hal_flash.c.obj
                0x20000530                pFlash
 .bss.mode      0x20000550        0x1 CMakeFiles/reader.elf.dir/mode/mode.c.obj
                0x20000550                mode
 *fill*         0x20000551        0x3 
 .bss.Commannd  0x20000554        0x1 CMakeFiles/reader.elf.dir/uart/usrt.c.obj
                0x20000554                Commannd
 *fill*         0x20000555        0x3 
 .bss.EPC       0x20000558        0xc CMakeFiles/reader.elf.dir/uart/usrt.c.obj
                0x20000558                EPC
 .bss.ID_usart  0x20000564      0x100 CMakeFiles/reader.elf.dir/uart/usrt.c.obj
                0x20000564                ID_usart
 .bss.IDcard_usart
                0x20000664      0x100 CMakeFiles/reader.elf.dir/uart/usrt.c.obj
                0x20000664                IDcard_usart
 .bss.RSSI      0x20000764        0x1 CMakeFiles/reader.elf.dir/uart/usrt.c.obj
                0x20000764                RSSI
 *fill*         0x20000765        0x3 
 .bss.TID       0x20000768       0x20 CMakeFiles/reader.elf.dir/uart/usrt.c.obj
                0x20000768                TID
 .bss.Upper_usart
                0x20000788      0x100 CMakeFiles/reader.elf.dir/uart/usrt.c.obj
                0x20000788                Upper_usart
 .bss.digit_sum
                0x20000888        0x1 CMakeFiles/reader.elf.dir/uart/usrt.c.obj
                0x20000888                digit_sum
 .bss.empty     0x20000889        0x1 CMakeFiles/reader.elf.dir/uart/usrt.c.obj
                0x20000889                empty
 .bss.empty_flag
                0x2000088a        0x1 CMakeFiles/reader.elf.dir/uart/usrt.c.obj
                0x2000088a                empty_flag
 .bss.err       0x2000088b        0x1 CMakeFiles/reader.elf.dir/uart/usrt.c.obj
                0x2000088b                err
 .bss.flag      0x2000088c        0x1 CMakeFiles/reader.elf.dir/uart/usrt.c.obj
                0x2000088c                flag
 .bss.flag_upper
                0x2000088d        0x1 CMakeFiles/reader.elf.dir/uart/usrt.c.obj
                0x2000088d                flag_upper
 .bss.i         0x2000088e        0x1 CMakeFiles/reader.elf.dir/uart/usrt.c.obj
                0x2000088e                i
 .bss.stop_flag
                0x2000088f        0x1 CMakeFiles/reader.elf.dir/uart/usrt.c.obj
                0x2000088f                stop_flag
 .bss.tid_step  0x20000890        0x1 CMakeFiles/reader.elf.dir/uart/usrt.c.obj
                0x20000890                tid_step
 *fill*         0x20000891        0x3 
 .bss.upper     0x20000894      0x100 CMakeFiles/reader.elf.dir/uart/usrt.c.obj
                0x20000894                upper
 .bss.upper_flag
                0x20000994        0x1 CMakeFiles/reader.elf.dir/uart/usrt.c.obj
                0x20000994                upper_flag
 .bss.write_step
                0x20000995        0x1 CMakeFiles/reader.elf.dir/uart/usrt.c.obj
                0x20000995                write_step
 .bss.cRc       0x20000996        0x2 CMakeFiles/reader.elf.dir/upper/upper.c.obj
                0x20000996                cRc
 .bss.epc_tid   0x20000998       0x30 CMakeFiles/reader.elf.dir/upper/upper.c.obj
                0x20000998                epc_tid
 .bss.epc_write
                0x200009c8       0x18 CMakeFiles/reader.elf.dir/upper/upper.c.obj
                0x200009c8                epc_write
 .bss.mode_flag
                0x200009e0        0x2 CMakeFiles/reader.elf.dir/upper/upper.c.obj
                0x200009e0                mode_flag
 .bss.same      0x200009e2        0x2 CMakeFiles/reader.elf.dir/upper/upper.c.obj
                0x200009e2                same
 .bss.tid_flag  0x200009e4        0x2 CMakeFiles/reader.elf.dir/upper/upper.c.obj
                0x200009e4                tid_flag
 .bss.tid_get   0x200009e6        0x2 CMakeFiles/reader.elf.dir/upper/upper.c.obj
                0x200009e6                tid_get
 .bss.write     0x200009e8        0x2 CMakeFiles/reader.elf.dir/upper/upper.c.obj
                0x200009e8                write
 .bss.write_flag
                0x200009ea        0x2 CMakeFiles/reader.elf.dir/upper/upper.c.obj
                0x200009ea                write_flag
 *(COMMON)
 COMMON         0x200009ec       0x21 c:/progra~2/gnuarm~1/92020-~1/bin/../lib/gcc/arm-none-eabi/9.3.1/../../../../arm-none-eabi/lib/thumb/v7-m/nofp\libg.a(lib_a-lock.o)
                0x200009ec                __lock___atexit_recursive_mutex
                0x200009f0                __lock___arc4random_mutex
                0x200009f4                __lock___env_recursive_mutex
                0x200009f8                __lock___sinit_recursive_mutex
                0x200009fc                __lock___malloc_recursive_mutex
                0x20000a00                __lock___at_quick_exit_mutex
                0x20000a04                __lock___dd_hash_mutex
                0x20000a08                __lock___tz_mutex
                0x20000a0c                __lock___sfp_recursive_mutex
                0x20000a10                . = ALIGN (0x4)
 *fill*         0x20000a0d        0x3 
                0x20000a10                _ebss = .
                0x20000a10                __bss_end__ = _ebss

._user_heap_stack
                0x20000a10      0x600 load address 0x080032dc
                0x20000a10                . = ALIGN (0x8)
                0x20000a10                PROVIDE (end = .)
                [!provide]                PROVIDE (_end = .)
                0x20000c10                . = (. + _Min_Heap_Size)
 *fill*         0x20000a10      0x200 
                0x20001010                . = (. + _Min_Stack_Size)
 *fill*         0x20000c10      0x400 
                0x20001010                . = ALIGN (0x8)

/DISCARD/
 libc.a(*)
 libm.a(*)
 libgcc.a(*)

.ARM.attributes
                0x00000000       0x29
 *(.ARM.attributes)
 .ARM.attributes
                0x00000000       0x1d c:/progra~2/gnuarm~1/92020-~1/bin/../lib/gcc/arm-none-eabi/9.3.1/thumb/v7-m/nofp/crti.o
 .ARM.attributes
                0x0000001d       0x2d c:/progra~2/gnuarm~1/92020-~1/bin/../lib/gcc/arm-none-eabi/9.3.1/thumb/v7-m/nofp/crtbegin.o
 .ARM.attributes
                0x0000004a       0x2d CMakeFiles/reader.elf.dir/Core/Src/gpio.c.obj
 .ARM.attributes
                0x00000077       0x2d CMakeFiles/reader.elf.dir/Core/Src/main.c.obj
 .ARM.attributes
                0x000000a4       0x2d CMakeFiles/reader.elf.dir/Core/Src/stm32f1xx_hal_msp.c.obj
 .ARM.attributes
                0x000000d1       0x2d CMakeFiles/reader.elf.dir/Core/Src/stm32f1xx_it.c.obj
 .ARM.attributes
                0x000000fe       0x2d CMakeFiles/reader.elf.dir/Core/Src/system_stm32f1xx.c.obj
 .ARM.attributes
                0x0000012b       0x2d CMakeFiles/reader.elf.dir/Core/Src/tim.c.obj
 .ARM.attributes
                0x00000158       0x2d CMakeFiles/reader.elf.dir/Core/Src/usart.c.obj
 .ARM.attributes
                0x00000185       0x2d CMakeFiles/reader.elf.dir/Drivers/STM32F1xx_HAL_Driver/Src/stm32f1xx_hal.c.obj
 .ARM.attributes
                0x000001b2       0x2d CMakeFiles/reader.elf.dir/Drivers/STM32F1xx_HAL_Driver/Src/stm32f1xx_hal_cortex.c.obj
 .ARM.attributes
                0x000001df       0x2d CMakeFiles/reader.elf.dir/Drivers/STM32F1xx_HAL_Driver/Src/stm32f1xx_hal_dma.c.obj
 .ARM.attributes
                0x0000020c       0x2d CMakeFiles/reader.elf.dir/Drivers/STM32F1xx_HAL_Driver/Src/stm32f1xx_hal_flash.c.obj
 .ARM.attributes
                0x00000239       0x2d CMakeFiles/reader.elf.dir/Drivers/STM32F1xx_HAL_Driver/Src/stm32f1xx_hal_flash_ex.c.obj
 .ARM.attributes
                0x00000266       0x2d CMakeFiles/reader.elf.dir/Drivers/STM32F1xx_HAL_Driver/Src/stm32f1xx_hal_gpio.c.obj
 .ARM.attributes
                0x00000293       0x2d CMakeFiles/reader.elf.dir/Drivers/STM32F1xx_HAL_Driver/Src/stm32f1xx_hal_rcc.c.obj
 .ARM.attributes
                0x000002c0       0x2d CMakeFiles/reader.elf.dir/Drivers/STM32F1xx_HAL_Driver/Src/stm32f1xx_hal_tim.c.obj
 .ARM.attributes
                0x000002ed       0x2d CMakeFiles/reader.elf.dir/Drivers/STM32F1xx_HAL_Driver/Src/stm32f1xx_hal_tim_ex.c.obj
 .ARM.attributes
                0x0000031a       0x2d CMakeFiles/reader.elf.dir/Drivers/STM32F1xx_HAL_Driver/Src/stm32f1xx_hal_uart.c.obj
 .ARM.attributes
                0x00000347       0x2d CMakeFiles/reader.elf.dir/card/card.c.obj
 .ARM.attributes
                0x00000374       0x2d CMakeFiles/reader.elf.dir/flash/flash.c.obj
 .ARM.attributes
                0x000003a1       0x2d CMakeFiles/reader.elf.dir/mode/mode.c.obj
 .ARM.attributes
                0x000003ce       0x21 CMakeFiles/reader.elf.dir/startup/startup_stm32f103xb.s.obj
 .ARM.attributes
                0x000003ef       0x2d CMakeFiles/reader.elf.dir/uart/usrt.c.obj
 .ARM.attributes
                0x0000041c       0x2d CMakeFiles/reader.elf.dir/upper/upper.c.obj
 .ARM.attributes
                0x00000449       0x2d c:/progra~2/gnuarm~1/92020-~1/bin/../lib/gcc/arm-none-eabi/9.3.1/../../../../arm-none-eabi/lib/thumb/v7-m/nofp\libg.a(lib_a-impure.o)
 .ARM.attributes
                0x00000476       0x2d c:/progra~2/gnuarm~1/92020-~1/bin/../lib/gcc/arm-none-eabi/9.3.1/../../../../arm-none-eabi/lib/thumb/v7-m/nofp\libg.a(lib_a-init.o)
 .ARM.attributes
                0x000004a3       0x2d c:/progra~2/gnuarm~1/92020-~1/bin/../lib/gcc/arm-none-eabi/9.3.1/../../../../arm-none-eabi/lib/thumb/v7-m/nofp\libg.a(lib_a-__call_atexit.o)
 .ARM.attributes
                0x000004d0       0x2d c:/progra~2/gnuarm~1/92020-~1/bin/../lib/gcc/arm-none-eabi/9.3.1/../../../../arm-none-eabi/lib/thumb/v7-m/nofp\libg.a(lib_a-atexit.o)
 .ARM.attributes
                0x000004fd       0x2d c:/progra~2/gnuarm~1/92020-~1/bin/../lib/gcc/arm-none-eabi/9.3.1/../../../../arm-none-eabi/lib/thumb/v7-m/nofp\libg.a(lib_a-fini.o)
 .ARM.attributes
                0x0000052a       0x2d c:/progra~2/gnuarm~1/92020-~1/bin/../lib/gcc/arm-none-eabi/9.3.1/../../../../arm-none-eabi/lib/thumb/v7-m/nofp\libg.a(lib_a-lock.o)
 .ARM.attributes
                0x00000557       0x2d c:/progra~2/gnuarm~1/92020-~1/bin/../lib/gcc/arm-none-eabi/9.3.1/../../../../arm-none-eabi/lib/thumb/v7-m/nofp\libg.a(lib_a-__atexit.o)
 .ARM.attributes
                0x00000584       0x1d c:/progra~2/gnuarm~1/92020-~1/bin/../lib/gcc/arm-none-eabi/9.3.1/thumb/v7-m/nofp/crtn.o
OUTPUT(reader.elf elf32-littlearm)
LOAD linker stubs
LOAD c:/progra~2/gnuarm~1/92020-~1/bin/../lib/gcc/arm-none-eabi/9.3.1/../../../../arm-none-eabi/lib/thumb/v7-m/nofp\libc.a
LOAD c:/progra~2/gnuarm~1/92020-~1/bin/../lib/gcc/arm-none-eabi/9.3.1/../../../../arm-none-eabi/lib/thumb/v7-m/nofp\libm.a
LOAD c:/progra~2/gnuarm~1/92020-~1/bin/../lib/gcc/arm-none-eabi/9.3.1/thumb/v7-m/nofp\libgcc.a

.debug_info     0x00000000    0x1578c
 .debug_info    0x00000000      0x3fc CMakeFiles/reader.elf.dir/Core/Src/gpio.c.obj
 .debug_info    0x000003fc     0x1d69 CMakeFiles/reader.elf.dir/Core/Src/main.c.obj
 .debug_info    0x00002165      0x2fd CMakeFiles/reader.elf.dir/Core/Src/stm32f1xx_hal_msp.c.obj
 .debug_info    0x00002462      0xa7d CMakeFiles/reader.elf.dir/Core/Src/stm32f1xx_it.c.obj
 .debug_info    0x00002edf      0x2c9 CMakeFiles/reader.elf.dir/Core/Src/system_stm32f1xx.c.obj
 .debug_info    0x000031a8      0xb43 CMakeFiles/reader.elf.dir/Core/Src/tim.c.obj
 .debug_info    0x00003ceb      0xbb6 CMakeFiles/reader.elf.dir/Core/Src/usart.c.obj
 .debug_info    0x000048a1      0x831 CMakeFiles/reader.elf.dir/Drivers/STM32F1xx_HAL_Driver/Src/stm32f1xx_hal.c.obj
 .debug_info    0x000050d2      0xe46 CMakeFiles/reader.elf.dir/Drivers/STM32F1xx_HAL_Driver/Src/stm32f1xx_hal_cortex.c.obj
 .debug_info    0x00005f18      0x932 CMakeFiles/reader.elf.dir/Drivers/STM32F1xx_HAL_Driver/Src/stm32f1xx_hal_dma.c.obj
 .debug_info    0x0000684a      0x76c CMakeFiles/reader.elf.dir/Drivers/STM32F1xx_HAL_Driver/Src/stm32f1xx_hal_flash.c.obj
 .debug_info    0x00006fb6      0xbce CMakeFiles/reader.elf.dir/Drivers/STM32F1xx_HAL_Driver/Src/stm32f1xx_hal_flash_ex.c.obj
 .debug_info    0x00007b84      0x75b CMakeFiles/reader.elf.dir/Drivers/STM32F1xx_HAL_Driver/Src/stm32f1xx_hal_gpio.c.obj
 .debug_info    0x000082df      0xaab CMakeFiles/reader.elf.dir/Drivers/STM32F1xx_HAL_Driver/Src/stm32f1xx_hal_rcc.c.obj
 .debug_info    0x00008d8a     0x3b9e CMakeFiles/reader.elf.dir/Drivers/STM32F1xx_HAL_Driver/Src/stm32f1xx_hal_tim.c.obj
 .debug_info    0x0000c928     0x1a8d CMakeFiles/reader.elf.dir/Drivers/STM32F1xx_HAL_Driver/Src/stm32f1xx_hal_tim_ex.c.obj
 .debug_info    0x0000e3b5     0x1919 CMakeFiles/reader.elf.dir/Drivers/STM32F1xx_HAL_Driver/Src/stm32f1xx_hal_uart.c.obj
 .debug_info    0x0000fcce     0x14d7 CMakeFiles/reader.elf.dir/card/card.c.obj
 .debug_info    0x000111a5      0xb94 CMakeFiles/reader.elf.dir/flash/flash.c.obj
 .debug_info    0x00011d39     0x1020 CMakeFiles/reader.elf.dir/mode/mode.c.obj
 .debug_info    0x00012d59       0x22 CMakeFiles/reader.elf.dir/startup/startup_stm32f103xb.s.obj
 .debug_info    0x00012d7b     0x1486 CMakeFiles/reader.elf.dir/uart/usrt.c.obj
 .debug_info    0x00014201     0x158b CMakeFiles/reader.elf.dir/upper/upper.c.obj

.debug_abbrev   0x00000000     0x33b7
 .debug_abbrev  0x00000000      0x17b CMakeFiles/reader.elf.dir/Core/Src/gpio.c.obj
 .debug_abbrev  0x0000017b      0x398 CMakeFiles/reader.elf.dir/Core/Src/main.c.obj
 .debug_abbrev  0x00000513      0x12e CMakeFiles/reader.elf.dir/Core/Src/stm32f1xx_hal_msp.c.obj
 .debug_abbrev  0x00000641      0x193 CMakeFiles/reader.elf.dir/Core/Src/stm32f1xx_it.c.obj
 .debug_abbrev  0x000007d4      0x151 CMakeFiles/reader.elf.dir/Core/Src/system_stm32f1xx.c.obj
 .debug_abbrev  0x00000925      0x1f8 CMakeFiles/reader.elf.dir/Core/Src/tim.c.obj
 .debug_abbrev  0x00000b1d      0x1f6 CMakeFiles/reader.elf.dir/Core/Src/usart.c.obj
 .debug_abbrev  0x00000d13      0x219 CMakeFiles/reader.elf.dir/Drivers/STM32F1xx_HAL_Driver/Src/stm32f1xx_hal.c.obj
 .debug_abbrev  0x00000f2c      0x367 CMakeFiles/reader.elf.dir/Drivers/STM32F1xx_HAL_Driver/Src/stm32f1xx_hal_cortex.c.obj
 .debug_abbrev  0x00001293      0x262 CMakeFiles/reader.elf.dir/Drivers/STM32F1xx_HAL_Driver/Src/stm32f1xx_hal_dma.c.obj
 .debug_abbrev  0x000014f5      0x26c CMakeFiles/reader.elf.dir/Drivers/STM32F1xx_HAL_Driver/Src/stm32f1xx_hal_flash.c.obj
 .debug_abbrev  0x00001761      0x260 CMakeFiles/reader.elf.dir/Drivers/STM32F1xx_HAL_Driver/Src/stm32f1xx_hal_flash_ex.c.obj
 .debug_abbrev  0x000019c1      0x213 CMakeFiles/reader.elf.dir/Drivers/STM32F1xx_HAL_Driver/Src/stm32f1xx_hal_gpio.c.obj
 .debug_abbrev  0x00001bd4      0x28d CMakeFiles/reader.elf.dir/Drivers/STM32F1xx_HAL_Driver/Src/stm32f1xx_hal_rcc.c.obj
 .debug_abbrev  0x00001e61      0x26b CMakeFiles/reader.elf.dir/Drivers/STM32F1xx_HAL_Driver/Src/stm32f1xx_hal_tim.c.obj
 .debug_abbrev  0x000020cc      0x26e CMakeFiles/reader.elf.dir/Drivers/STM32F1xx_HAL_Driver/Src/stm32f1xx_hal_tim_ex.c.obj
 .debug_abbrev  0x0000233a      0x293 CMakeFiles/reader.elf.dir/Drivers/STM32F1xx_HAL_Driver/Src/stm32f1xx_hal_uart.c.obj
 .debug_abbrev  0x000025cd      0x2f6 CMakeFiles/reader.elf.dir/card/card.c.obj
 .debug_abbrev  0x000028c3      0x293 CMakeFiles/reader.elf.dir/flash/flash.c.obj
 .debug_abbrev  0x00002b56      0x227 CMakeFiles/reader.elf.dir/mode/mode.c.obj
 .debug_abbrev  0x00002d7d       0x12 CMakeFiles/reader.elf.dir/startup/startup_stm32f103xb.s.obj
 .debug_abbrev  0x00002d8f      0x2e8 CMakeFiles/reader.elf.dir/uart/usrt.c.obj
 .debug_abbrev  0x00003077      0x340 CMakeFiles/reader.elf.dir/upper/upper.c.obj

.debug_aranges  0x00000000      0xdf0
 .debug_aranges
                0x00000000       0x20 CMakeFiles/reader.elf.dir/Core/Src/gpio.c.obj
 .debug_aranges
                0x00000020       0x40 CMakeFiles/reader.elf.dir/Core/Src/main.c.obj
 .debug_aranges
                0x00000060       0x20 CMakeFiles/reader.elf.dir/Core/Src/stm32f1xx_hal_msp.c.obj
 .debug_aranges
                0x00000080       0x78 CMakeFiles/reader.elf.dir/Core/Src/stm32f1xx_it.c.obj
 .debug_aranges
                0x000000f8       0x28 CMakeFiles/reader.elf.dir/Core/Src/system_stm32f1xx.c.obj
 .debug_aranges
                0x00000120       0x30 CMakeFiles/reader.elf.dir/Core/Src/tim.c.obj
 .debug_aranges
                0x00000150       0x38 CMakeFiles/reader.elf.dir/Core/Src/usart.c.obj
 .debug_aranges
                0x00000188       0xe0 CMakeFiles/reader.elf.dir/Drivers/STM32F1xx_HAL_Driver/Src/stm32f1xx_hal.c.obj
 .debug_aranges
                0x00000268       0x90 CMakeFiles/reader.elf.dir/Drivers/STM32F1xx_HAL_Driver/Src/stm32f1xx_hal_cortex.c.obj
 .debug_aranges
                0x000002f8       0x80 CMakeFiles/reader.elf.dir/Drivers/STM32F1xx_HAL_Driver/Src/stm32f1xx_hal_dma.c.obj
 .debug_aranges
                0x00000378       0x88 CMakeFiles/reader.elf.dir/Drivers/STM32F1xx_HAL_Driver/Src/stm32f1xx_hal_flash.c.obj
 .debug_aranges
                0x00000400       0x98 CMakeFiles/reader.elf.dir/Drivers/STM32F1xx_HAL_Driver/Src/stm32f1xx_hal_flash_ex.c.obj
 .debug_aranges
                0x00000498       0x58 CMakeFiles/reader.elf.dir/Drivers/STM32F1xx_HAL_Driver/Src/stm32f1xx_hal_gpio.c.obj
 .debug_aranges
                0x000004f0       0x90 CMakeFiles/reader.elf.dir/Drivers/STM32F1xx_HAL_Driver/Src/stm32f1xx_hal_rcc.c.obj
 .debug_aranges
                0x00000580      0x3d0 CMakeFiles/reader.elf.dir/Drivers/STM32F1xx_HAL_Driver/Src/stm32f1xx_hal_tim.c.obj
 .debug_aranges
                0x00000950      0x168 CMakeFiles/reader.elf.dir/Drivers/STM32F1xx_HAL_Driver/Src/stm32f1xx_hal_tim_ex.c.obj
 .debug_aranges
                0x00000ab8      0x1d0 CMakeFiles/reader.elf.dir/Drivers/STM32F1xx_HAL_Driver/Src/stm32f1xx_hal_uart.c.obj
 .debug_aranges
                0x00000c88       0x88 CMakeFiles/reader.elf.dir/card/card.c.obj
 .debug_aranges
                0x00000d10       0x28 CMakeFiles/reader.elf.dir/flash/flash.c.obj
 .debug_aranges
                0x00000d38       0x20 CMakeFiles/reader.elf.dir/mode/mode.c.obj
 .debug_aranges
                0x00000d58       0x28 CMakeFiles/reader.elf.dir/startup/startup_stm32f103xb.s.obj
 .debug_aranges
                0x00000d80       0x28 CMakeFiles/reader.elf.dir/uart/usrt.c.obj
 .debug_aranges
                0x00000da8       0x48 CMakeFiles/reader.elf.dir/upper/upper.c.obj

.debug_ranges   0x00000000      0xd40
 .debug_ranges  0x00000000       0x10 CMakeFiles/reader.elf.dir/Core/Src/gpio.c.obj
 .debug_ranges  0x00000010       0x30 CMakeFiles/reader.elf.dir/Core/Src/main.c.obj
 .debug_ranges  0x00000040       0x10 CMakeFiles/reader.elf.dir/Core/Src/stm32f1xx_hal_msp.c.obj
 .debug_ranges  0x00000050       0x68 CMakeFiles/reader.elf.dir/Core/Src/stm32f1xx_it.c.obj
 .debug_ranges  0x000000b8       0x18 CMakeFiles/reader.elf.dir/Core/Src/system_stm32f1xx.c.obj
 .debug_ranges  0x000000d0       0x20 CMakeFiles/reader.elf.dir/Core/Src/tim.c.obj
 .debug_ranges  0x000000f0       0x28 CMakeFiles/reader.elf.dir/Core/Src/usart.c.obj
 .debug_ranges  0x00000118       0xd0 CMakeFiles/reader.elf.dir/Drivers/STM32F1xx_HAL_Driver/Src/stm32f1xx_hal.c.obj
 .debug_ranges  0x000001e8       0xe0 CMakeFiles/reader.elf.dir/Drivers/STM32F1xx_HAL_Driver/Src/stm32f1xx_hal_cortex.c.obj
 .debug_ranges  0x000002c8       0x70 CMakeFiles/reader.elf.dir/Drivers/STM32F1xx_HAL_Driver/Src/stm32f1xx_hal_dma.c.obj
 .debug_ranges  0x00000338       0x78 CMakeFiles/reader.elf.dir/Drivers/STM32F1xx_HAL_Driver/Src/stm32f1xx_hal_flash.c.obj
 .debug_ranges  0x000003b0       0x88 CMakeFiles/reader.elf.dir/Drivers/STM32F1xx_HAL_Driver/Src/stm32f1xx_hal_flash_ex.c.obj
 .debug_ranges  0x00000438       0x48 CMakeFiles/reader.elf.dir/Drivers/STM32F1xx_HAL_Driver/Src/stm32f1xx_hal_gpio.c.obj
 .debug_ranges  0x00000480       0xa0 CMakeFiles/reader.elf.dir/Drivers/STM32F1xx_HAL_Driver/Src/stm32f1xx_hal_rcc.c.obj
 .debug_ranges  0x00000520      0x3c0 CMakeFiles/reader.elf.dir/Drivers/STM32F1xx_HAL_Driver/Src/stm32f1xx_hal_tim.c.obj
 .debug_ranges  0x000008e0      0x158 CMakeFiles/reader.elf.dir/Drivers/STM32F1xx_HAL_Driver/Src/stm32f1xx_hal_tim_ex.c.obj
 .debug_ranges  0x00000a38      0x1c0 CMakeFiles/reader.elf.dir/Drivers/STM32F1xx_HAL_Driver/Src/stm32f1xx_hal_uart.c.obj
 .debug_ranges  0x00000bf8       0x98 CMakeFiles/reader.elf.dir/card/card.c.obj
 .debug_ranges  0x00000c90       0x18 CMakeFiles/reader.elf.dir/flash/flash.c.obj
 .debug_ranges  0x00000ca8       0x10 CMakeFiles/reader.elf.dir/mode/mode.c.obj
 .debug_ranges  0x00000cb8       0x20 CMakeFiles/reader.elf.dir/startup/startup_stm32f103xb.s.obj
 .debug_ranges  0x00000cd8       0x18 CMakeFiles/reader.elf.dir/uart/usrt.c.obj
 .debug_ranges  0x00000cf0       0x50 CMakeFiles/reader.elf.dir/upper/upper.c.obj

.debug_line     0x00000000     0xfa81
 .debug_line    0x00000000      0x24a CMakeFiles/reader.elf.dir/Core/Src/gpio.c.obj
 .debug_line    0x0000024a      0x6a4 CMakeFiles/reader.elf.dir/Core/Src/main.c.obj
 .debug_line    0x000008ee      0x1fd CMakeFiles/reader.elf.dir/Core/Src/stm32f1xx_hal_msp.c.obj
 .debug_line    0x00000aeb      0x36f CMakeFiles/reader.elf.dir/Core/Src/stm32f1xx_it.c.obj
 .debug_line    0x00000e5a      0x2b0 CMakeFiles/reader.elf.dir/Core/Src/system_stm32f1xx.c.obj
 .debug_line    0x0000110a      0x370 CMakeFiles/reader.elf.dir/Core/Src/tim.c.obj
 .debug_line    0x0000147a      0x44b CMakeFiles/reader.elf.dir/Core/Src/usart.c.obj
 .debug_line    0x000018c5      0x540 CMakeFiles/reader.elf.dir/Drivers/STM32F1xx_HAL_Driver/Src/stm32f1xx_hal.c.obj
 .debug_line    0x00001e05      0x696 CMakeFiles/reader.elf.dir/Drivers/STM32F1xx_HAL_Driver/Src/stm32f1xx_hal_cortex.c.obj
 .debug_line    0x0000249b      0xab5 CMakeFiles/reader.elf.dir/Drivers/STM32F1xx_HAL_Driver/Src/stm32f1xx_hal_dma.c.obj
 .debug_line    0x00002f50      0x7d8 CMakeFiles/reader.elf.dir/Drivers/STM32F1xx_HAL_Driver/Src/stm32f1xx_hal_flash.c.obj
 .debug_line    0x00003728      0x979 CMakeFiles/reader.elf.dir/Drivers/STM32F1xx_HAL_Driver/Src/stm32f1xx_hal_flash_ex.c.obj
 .debug_line    0x000040a1      0x642 CMakeFiles/reader.elf.dir/Drivers/STM32F1xx_HAL_Driver/Src/stm32f1xx_hal_gpio.c.obj
 .debug_line    0x000046e3      0xc61 CMakeFiles/reader.elf.dir/Drivers/STM32F1xx_HAL_Driver/Src/stm32f1xx_hal_rcc.c.obj
 .debug_line    0x00005344     0x46d1 CMakeFiles/reader.elf.dir/Drivers/STM32F1xx_HAL_Driver/Src/stm32f1xx_hal_tim.c.obj
 .debug_line    0x00009a15     0x1cc0 CMakeFiles/reader.elf.dir/Drivers/STM32F1xx_HAL_Driver/Src/stm32f1xx_hal_tim_ex.c.obj
 .debug_line    0x0000b6d5     0x1c02 CMakeFiles/reader.elf.dir/Drivers/STM32F1xx_HAL_Driver/Src/stm32f1xx_hal_uart.c.obj
 .debug_line    0x0000d2d7      0xa48 CMakeFiles/reader.elf.dir/card/card.c.obj
 .debug_line    0x0000dd1f      0x2c2 CMakeFiles/reader.elf.dir/flash/flash.c.obj
 .debug_line    0x0000dfe1      0x323 CMakeFiles/reader.elf.dir/mode/mode.c.obj
 .debug_line    0x0000e304       0x90 CMakeFiles/reader.elf.dir/startup/startup_stm32f103xb.s.obj
 .debug_line    0x0000e394      0x703 CMakeFiles/reader.elf.dir/uart/usrt.c.obj
 .debug_line    0x0000ea97      0xfea CMakeFiles/reader.elf.dir/upper/upper.c.obj

.debug_str      0x00000000     0x433f
 .debug_str     0x00000000      0x323 CMakeFiles/reader.elf.dir/Core/Src/gpio.c.obj
                                0x37e (size before relaxing)
 .debug_str     0x00000323      0xda9 CMakeFiles/reader.elf.dir/Core/Src/main.c.obj
                               0x1139 (size before relaxing)
 .debug_str     0x000010cc       0x63 CMakeFiles/reader.elf.dir/Core/Src/stm32f1xx_hal_msp.c.obj
                                0x320 (size before relaxing)
 .debug_str     0x0000112f      0x128 CMakeFiles/reader.elf.dir/Core/Src/stm32f1xx_it.c.obj
                                0xa21 (size before relaxing)
 .debug_str     0x00001257       0x65 CMakeFiles/reader.elf.dir/Core/Src/system_stm32f1xx.c.obj
                                0x317 (size before relaxing)
 .debug_str     0x000012bc      0x460 CMakeFiles/reader.elf.dir/Core/Src/tim.c.obj
                                0xc1a (size before relaxing)
 .debug_str     0x0000171c       0x74 CMakeFiles/reader.elf.dir/Core/Src/usart.c.obj
                                0xa8e (size before relaxing)
 .debug_str     0x00001790      0x291 CMakeFiles/reader.elf.dir/Drivers/STM32F1xx_HAL_Driver/Src/stm32f1xx_hal.c.obj
                                0x894 (size before relaxing)
 .debug_str     0x00001a21      0x334 CMakeFiles/reader.elf.dir/Drivers/STM32F1xx_HAL_Driver/Src/stm32f1xx_hal_cortex.c.obj
                                0x9b0 (size before relaxing)
 .debug_str     0x00001d55      0x252 CMakeFiles/reader.elf.dir/Drivers/STM32F1xx_HAL_Driver/Src/stm32f1xx_hal_dma.c.obj
                                0x6fe (size before relaxing)
 .debug_str     0x00001fa7      0x2a9 CMakeFiles/reader.elf.dir/Drivers/STM32F1xx_HAL_Driver/Src/stm32f1xx_hal_flash.c.obj
                                0x61e (size before relaxing)
 .debug_str     0x00002250      0x2d6 CMakeFiles/reader.elf.dir/Drivers/STM32F1xx_HAL_Driver/Src/stm32f1xx_hal_flash_ex.c.obj
                                0x734 (size before relaxing)
 .debug_str     0x00002526      0x117 CMakeFiles/reader.elf.dir/Drivers/STM32F1xx_HAL_Driver/Src/stm32f1xx_hal_gpio.c.obj
                                0x501 (size before relaxing)
 .debug_str     0x0000263d      0x207 CMakeFiles/reader.elf.dir/Drivers/STM32F1xx_HAL_Driver/Src/stm32f1xx_hal_rcc.c.obj
                                0x6e3 (size before relaxing)
 .debug_str     0x00002844      0xe21 CMakeFiles/reader.elf.dir/Drivers/STM32F1xx_HAL_Driver/Src/stm32f1xx_hal_tim.c.obj
                               0x1739 (size before relaxing)
 .debug_str     0x00003665      0x560 CMakeFiles/reader.elf.dir/Drivers/STM32F1xx_HAL_Driver/Src/stm32f1xx_hal_tim_ex.c.obj
                                0xf63 (size before relaxing)
 .debug_str     0x00003bc5      0x510 CMakeFiles/reader.elf.dir/Drivers/STM32F1xx_HAL_Driver/Src/stm32f1xx_hal_uart.c.obj
                                0xc91 (size before relaxing)
 .debug_str     0x000040d5       0xbf CMakeFiles/reader.elf.dir/card/card.c.obj
                                0xb67 (size before relaxing)
 .debug_str     0x00004194       0x48 CMakeFiles/reader.elf.dir/flash/flash.c.obj
                                0x749 (size before relaxing)
 .debug_str     0x000041dc       0x2d CMakeFiles/reader.elf.dir/mode/mode.c.obj
                                0xabd (size before relaxing)
 .debug_str     0x00004209       0x42 CMakeFiles/reader.elf.dir/startup/startup_stm32f103xb.s.obj
                                 0x6a (size before relaxing)
 .debug_str     0x0000424b       0x66 CMakeFiles/reader.elf.dir/uart/usrt.c.obj
                                0xb39 (size before relaxing)
 .debug_str     0x000042b1       0x8e CMakeFiles/reader.elf.dir/upper/upper.c.obj
                                0xb87 (size before relaxing)

.comment        0x00000000       0x4c
 .comment       0x00000000       0x4c CMakeFiles/reader.elf.dir/Core/Src/gpio.c.obj
                                 0x4d (size before relaxing)
 .comment       0x0000004c       0x4d CMakeFiles/reader.elf.dir/Core/Src/main.c.obj
 .comment       0x0000004c       0x4d CMakeFiles/reader.elf.dir/Core/Src/stm32f1xx_hal_msp.c.obj
 .comment       0x0000004c       0x4d CMakeFiles/reader.elf.dir/Core/Src/stm32f1xx_it.c.obj
 .comment       0x0000004c       0x4d CMakeFiles/reader.elf.dir/Core/Src/system_stm32f1xx.c.obj
 .comment       0x0000004c       0x4d CMakeFiles/reader.elf.dir/Core/Src/tim.c.obj
 .comment       0x0000004c       0x4d CMakeFiles/reader.elf.dir/Core/Src/usart.c.obj
 .comment       0x0000004c       0x4d CMakeFiles/reader.elf.dir/Drivers/STM32F1xx_HAL_Driver/Src/stm32f1xx_hal.c.obj
 .comment       0x0000004c       0x4d CMakeFiles/reader.elf.dir/Drivers/STM32F1xx_HAL_Driver/Src/stm32f1xx_hal_cortex.c.obj
 .comment       0x0000004c       0x4d CMakeFiles/reader.elf.dir/Drivers/STM32F1xx_HAL_Driver/Src/stm32f1xx_hal_dma.c.obj
 .comment       0x0000004c       0x4d CMakeFiles/reader.elf.dir/Drivers/STM32F1xx_HAL_Driver/Src/stm32f1xx_hal_flash.c.obj
 .comment       0x0000004c       0x4d CMakeFiles/reader.elf.dir/Drivers/STM32F1xx_HAL_Driver/Src/stm32f1xx_hal_flash_ex.c.obj
 .comment       0x0000004c       0x4d CMakeFiles/reader.elf.dir/Drivers/STM32F1xx_HAL_Driver/Src/stm32f1xx_hal_gpio.c.obj
 .comment       0x0000004c       0x4d CMakeFiles/reader.elf.dir/Drivers/STM32F1xx_HAL_Driver/Src/stm32f1xx_hal_rcc.c.obj
 .comment       0x0000004c       0x4d CMakeFiles/reader.elf.dir/Drivers/STM32F1xx_HAL_Driver/Src/stm32f1xx_hal_tim.c.obj
 .comment       0x0000004c       0x4d CMakeFiles/reader.elf.dir/Drivers/STM32F1xx_HAL_Driver/Src/stm32f1xx_hal_tim_ex.c.obj
 .comment       0x0000004c       0x4d CMakeFiles/reader.elf.dir/Drivers/STM32F1xx_HAL_Driver/Src/stm32f1xx_hal_uart.c.obj
 .comment       0x0000004c       0x4d CMakeFiles/reader.elf.dir/card/card.c.obj
 .comment       0x0000004c       0x4d CMakeFiles/reader.elf.dir/flash/flash.c.obj
 .comment       0x0000004c       0x4d CMakeFiles/reader.elf.dir/mode/mode.c.obj
 .comment       0x0000004c       0x4d CMakeFiles/reader.elf.dir/uart/usrt.c.obj
 .comment       0x0000004c       0x4d CMakeFiles/reader.elf.dir/upper/upper.c.obj

.debug_frame    0x00000000     0x252c
 .debug_frame   0x00000000       0x34 CMakeFiles/reader.elf.dir/Core/Src/gpio.c.obj
 .debug_frame   0x00000034       0x80 CMakeFiles/reader.elf.dir/Core/Src/main.c.obj
 .debug_frame   0x000000b4       0x28 CMakeFiles/reader.elf.dir/Core/Src/stm32f1xx_hal_msp.c.obj
 .debug_frame   0x000000dc       0xf0 CMakeFiles/reader.elf.dir/Core/Src/stm32f1xx_it.c.obj
 .debug_frame   0x000001cc       0x30 CMakeFiles/reader.elf.dir/Core/Src/system_stm32f1xx.c.obj
 .debug_frame   0x000001fc       0x64 CMakeFiles/reader.elf.dir/Core/Src/tim.c.obj
 .debug_frame   0x00000260       0x7c CMakeFiles/reader.elf.dir/Core/Src/usart.c.obj
 .debug_frame   0x000002dc      0x1cc CMakeFiles/reader.elf.dir/Drivers/STM32F1xx_HAL_Driver/Src/stm32f1xx_hal.c.obj
 .debug_frame   0x000004a8      0x12c CMakeFiles/reader.elf.dir/Drivers/STM32F1xx_HAL_Driver/Src/stm32f1xx_hal_cortex.c.obj
 .debug_frame   0x000005d4      0x148 CMakeFiles/reader.elf.dir/Drivers/STM32F1xx_HAL_Driver/Src/stm32f1xx_hal_dma.c.obj
 .debug_frame   0x0000071c      0x134 CMakeFiles/reader.elf.dir/Drivers/STM32F1xx_HAL_Driver/Src/stm32f1xx_hal_flash.c.obj
 .debug_frame   0x00000850      0x194 CMakeFiles/reader.elf.dir/Drivers/STM32F1xx_HAL_Driver/Src/stm32f1xx_hal_flash_ex.c.obj
 .debug_frame   0x000009e4       0xe8 CMakeFiles/reader.elf.dir/Drivers/STM32F1xx_HAL_Driver/Src/stm32f1xx_hal_gpio.c.obj
 .debug_frame   0x00000acc      0x18c CMakeFiles/reader.elf.dir/Drivers/STM32F1xx_HAL_Driver/Src/stm32f1xx_hal_rcc.c.obj
 .debug_frame   0x00000c58      0xb28 CMakeFiles/reader.elf.dir/Drivers/STM32F1xx_HAL_Driver/Src/stm32f1xx_hal_tim.c.obj
 .debug_frame   0x00001780      0x418 CMakeFiles/reader.elf.dir/Drivers/STM32F1xx_HAL_Driver/Src/stm32f1xx_hal_tim_ex.c.obj
 .debug_frame   0x00001b98      0x4e8 CMakeFiles/reader.elf.dir/Drivers/STM32F1xx_HAL_Driver/Src/stm32f1xx_hal_uart.c.obj
 .debug_frame   0x00002080      0x18c CMakeFiles/reader.elf.dir/card/card.c.obj
 .debug_frame   0x0000220c       0x4c CMakeFiles/reader.elf.dir/flash/flash.c.obj
 .debug_frame   0x00002258       0x20 CMakeFiles/reader.elf.dir/mode/mode.c.obj
 .debug_frame   0x00002278       0x38 CMakeFiles/reader.elf.dir/uart/usrt.c.obj
 .debug_frame   0x000022b0       0xbc CMakeFiles/reader.elf.dir/upper/upper.c.obj
 .debug_frame   0x0000236c       0x2c c:/progra~2/gnuarm~1/92020-~1/bin/../lib/gcc/arm-none-eabi/9.3.1/../../../../arm-none-eabi/lib/thumb/v7-m/nofp\libg.a(lib_a-init.o)
 .debug_frame   0x00002398       0x5c c:/progra~2/gnuarm~1/92020-~1/bin/../lib/gcc/arm-none-eabi/9.3.1/../../../../arm-none-eabi/lib/thumb/v7-m/nofp\libg.a(lib_a-__call_atexit.o)
 .debug_frame   0x000023f4       0x20 c:/progra~2/gnuarm~1/92020-~1/bin/../lib/gcc/arm-none-eabi/9.3.1/../../../../arm-none-eabi/lib/thumb/v7-m/nofp\libg.a(lib_a-atexit.o)
 .debug_frame   0x00002414       0x34 c:/progra~2/gnuarm~1/92020-~1/bin/../lib/gcc/arm-none-eabi/9.3.1/../../../../arm-none-eabi/lib/thumb/v7-m/nofp\libg.a(lib_a-fini.o)
 .debug_frame   0x00002448       0xb0 c:/progra~2/gnuarm~1/92020-~1/bin/../lib/gcc/arm-none-eabi/9.3.1/../../../../arm-none-eabi/lib/thumb/v7-m/nofp\libg.a(lib_a-lock.o)
 .debug_frame   0x000024f8       0x34 c:/progra~2/gnuarm~1/92020-~1/bin/../lib/gcc/arm-none-eabi/9.3.1/../../../../arm-none-eabi/lib/thumb/v7-m/nofp\libg.a(lib_a-__atexit.o)

.debug_loc      0x00000000     0xb16d
 .debug_loc     0x00000000       0x50 CMakeFiles/reader.elf.dir/Core/Src/main.c.obj
 .debug_loc     0x00000050       0x15 CMakeFiles/reader.elf.dir/Core/Src/stm32f1xx_hal_msp.c.obj
 .debug_loc     0x00000065       0xff CMakeFiles/reader.elf.dir/Core/Src/system_stm32f1xx.c.obj
 .debug_loc     0x00000164       0x67 CMakeFiles/reader.elf.dir/Core/Src/tim.c.obj
 .debug_loc     0x000001cb       0xbe CMakeFiles/reader.elf.dir/Core/Src/usart.c.obj
 .debug_loc     0x00000289      0x141 CMakeFiles/reader.elf.dir/Drivers/STM32F1xx_HAL_Driver/Src/stm32f1xx_hal.c.obj
 .debug_loc     0x000003ca      0x71f CMakeFiles/reader.elf.dir/Drivers/STM32F1xx_HAL_Driver/Src/stm32f1xx_hal_cortex.c.obj
 .debug_loc     0x00000ae9      0x7d1 CMakeFiles/reader.elf.dir/Drivers/STM32F1xx_HAL_Driver/Src/stm32f1xx_hal_dma.c.obj
 .debug_loc     0x000012ba      0x3a3 CMakeFiles/reader.elf.dir/Drivers/STM32F1xx_HAL_Driver/Src/stm32f1xx_hal_flash.c.obj
 .debug_loc     0x0000165d      0x87f CMakeFiles/reader.elf.dir/Drivers/STM32F1xx_HAL_Driver/Src/stm32f1xx_hal_flash_ex.c.obj
 .debug_loc     0x00001edc      0x468 CMakeFiles/reader.elf.dir/Drivers/STM32F1xx_HAL_Driver/Src/stm32f1xx_hal_gpio.c.obj
 .debug_loc     0x00002344      0x5da CMakeFiles/reader.elf.dir/Drivers/STM32F1xx_HAL_Driver/Src/stm32f1xx_hal_rcc.c.obj
 .debug_loc     0x0000291e     0x4784 CMakeFiles/reader.elf.dir/Drivers/STM32F1xx_HAL_Driver/Src/stm32f1xx_hal_tim.c.obj
 .debug_loc     0x000070a2     0x1a75 CMakeFiles/reader.elf.dir/Drivers/STM32F1xx_HAL_Driver/Src/stm32f1xx_hal_tim_ex.c.obj
 .debug_loc     0x00008b17     0x1951 CMakeFiles/reader.elf.dir/Drivers/STM32F1xx_HAL_Driver/Src/stm32f1xx_hal_uart.c.obj
 .debug_loc     0x0000a468      0x2b3 CMakeFiles/reader.elf.dir/card/card.c.obj
 .debug_loc     0x0000a71b       0x7a CMakeFiles/reader.elf.dir/flash/flash.c.obj
 .debug_loc     0x0000a795       0x93 CMakeFiles/reader.elf.dir/uart/usrt.c.obj
 .debug_loc     0x0000a828      0x945 CMakeFiles/reader.elf.dir/upper/upper.c.obj
